Microchip MPLAB XC8 Compiler V2.20

Linker command line:

-W-3 --edf=D:\install_soft\XC_Compiler\XC8\pic\dat\en_msgs.txt -cn \
  -h+dist/default/production\18F27J53_I2C.X.production.sym \
  --cmf=dist/default/production\18F27J53_I2C.X.production.cmf -z -Q18F27J53 \
  -oC:\Users\yukat\AppData\Local\Temp\stns.2 --defsym=__MPLAB_BUILD=1 \
  -Mdist/default/production/18F27J53_I2C.X.production.map -E1 \
  -ver=XC8 Compiler --acfsm=1493 -ASTACK=0480h-0CFFh -pstack=STACK \
  -ACODE=00h-01FFF7h -ACONST=00h-01FFF7h \
  -ASMALLCONST=0F00h-0FFFhx496,01FF00h-01FFF7h \
  -AMEDIUMCONST=0F00h-0FFFFh,010F00h-01FFF7h -ACOMRAM=01h-05Fh \
  -AABS1=00h-0EAFh -ABIGRAM=01h-0EAFh \
  -ARAM=060h-0FFh,0100h-01FFhx13,0E00h-0EAFh -ABANK0=060h-0FFh \
  -ABANK1=0100h-01FFh -ABANK2=0200h-02FFh -ABANK3=0300h-03FFh \
  -ABANK4=0400h-04FFh -ABANK5=0500h-05FFh -ABANK6=0600h-06FFh \
  -ABANK7=0700h-07FFh -ABANK8=0800h-08FFh -ABANK9=0900h-09FFh \
  -ABANK10=0A00h-0AFFh -ABANK11=0B00h-0BFFh -ABANK12=0C00h-0CFFh \
  -ABANK13=0D00h-0DFFh -ABANK14=0E00h-0EAFh \
  -ASFR=0EB0h-0EFFh,0F00h-0F5Fh,0F60h-0FFFh -ACONFIG=01FFF8h-01FFFFh \
  -preset_vec=00h,intcode=08h,intcodelo,powerup,init -pramtop=0F00h \
  -psmallconst=SMALLCONST -pmediumconst=MEDIUMCONST -pconst=CONST \
  -AFARRAM=00h-00h -pjflash_buffer=01F800h \
  -prdata=COMRAM,nvrram=COMRAM,nvbit=COMRAM,rbss=COMRAM,rbit=COMRAM \
  -pfarbss=FARRAM,fardata=FARRAM,nvFARRAM=FARRAM \
  -pintsave_regs=BIGRAM,bigbss=BIGRAM,bigdata=BIGRAM -pbss=RAM \
  -pidata=CODE,irdata=CODE,ibigdata=CODE,ifardata=CODE -prparam=COMRAM \
  C:\Users\yukat\AppData\Local\Temp\stns.o \
  dist/default/production\18F27J53_I2C.X.production.o 

Object code version is 3.11

Machine type is 18F27J53



                Name                               Link     Load   Length Selector   Space Scale
C:\Users\yukat\AppData\Local\Temp\stns.o
                config                            1FFF8    1FFF8        8        0       4
                init                                1E0      1E0        4        4       0
                reset_vec                             0        0        4        0       0
dist/default/production\18F27J53_I2C.X.production.o
                intcode                               8        8      1D8        4       0
                config                            1FFF8    1FFF8        8        0       4
                temp                                 5C       5C        1        1       1
                mediumconst                        FE38     FE38      1C8     7F1C       0
                text166                           18CD8    18CD8       2E     8000       0
                text165                           18FBC    18FBC        6     8000       0
                text164                           18FEE    18FEE        2     8000       0
                text163                           18FB6    18FB6        6     8000       0
                text162                           17062    17062       CC     8000       0
                text161                           188BA    188BA       42     8000       0
                text160                           18FEA    18FEA        4     8000       0
                text159                           18FE6    18FE6        4     8000       0
                text158                           18DD0    18DD0       24     8000       0
                text157                           17D3E    17D3E       84     8000       0
                text156                           18E32    18E32       1C     8000       0
                text155                           18CA8    18CA8       30     8000       0
                text154                           18C78    18C78       30     8000       0
                text153                           18C48    18C48       30     8000       0
                text152                           18C18    18C18       30     8000       0
                text151                           18BE8    18BE8       30     8000       0
                text150                           18834    18834       44     8000       0
                text149                           18BB8    18BB8       30     8000       0
                text148                           18B88    18B88       30     8000       0
                text147                           18B58    18B58       30     8000       0
                text146                           187F0    187F0       44     8000       0
                text145                           18FE2    18FE2        4     8000       0
                text144                           18FDE    18FDE        4     8000       0
                text143                           18FDA    18FDA        4     8000       0
                text142                           18FB0    18FB0        6     8000       0
                text141                           18FD6    18FD6        4     8000       0
                text140                           18FAA    18FAA        6     8000       0
                text139                           18F9C    18F9C        8     8000       0
                text138                           18E8E    18E8E       14     8000       0
                text137                           18FD2    18FD2        4     8000       0
                text136                           17DC2    17DC2       7E     8000       0
                text135                           18F50    18F50        C     8000       0
                text134                           18ED4    18ED4       10     8000       0
                text133                           18EC4    18EC4       10     8000       0
                text132                           171F6    171F6       C8     8000       0
                text131                           17860    17860       A8     8000       0
                text130                           18F44    18F44        C     8000       0
                text129                           18F94    18F94        8     8000       0
                text128                           18F8C    18F8C        8     8000       0
                text127                           18F84    18F84        8     8000       0
                text126                           18F7C    18F7C        8     8000       0
                text125                           18F74    18F74        8     8000       0
                text124                           18F6C    18F6C        8     8000       0
                text123                           18F64    18F64        8     8000       0
                text122                           18F38    18F38        C     8000       0
                text121                           18156    18156       6C     8000       0
                text120                           18FCE    18FCE        4     8000       0
                text119                           180EA    180EA       6C     8000       0
                text118                           18FA4    18FA4        6     8000       0
                text117                           164B8    164B8      114     8000       0
                text116                           169E6    169E6      106     8000       0
                text115                           16BEC    16BEC       F2     8000       0
                text114                           1611C    1611C      142     8000       0
                text113                           17E40    17E40       76     8000       0
                text112                           177B4    177B4       AC     8000       0
                text111                           185FA    185FA       4C     8000       0
                text110                           1625E    1625E      13E     8000       0
                text109                           181C2    181C2       64     8000       0
                text108                           168E0    168E0      106     8000       0
                text107                           17CB6    17CB6       88     8000       0
                text106                           13FB2    13FB2      35A     8000       0
                text105                           15A74    15A74      172     8000       0
                text104                           167DA    167DA      106     8000       0
                text103                           158FE    158FE      176     8000       0
                text102                           16DCC    16DCC       E6     8000       0
                text101                           1639C    1639C      11C     8000       0
                text100                           1765A    1765A       AE     8000       0
                text99                            15E90    15E90      14A     8000       0
                text98                            17C26    17C26       90     8000       0
                text97                            185AA    185AA       50     8000       0
                text96                            17440    17440       B8     8000       0
                text95                            18A92    18A92       34     8000       0
                text94                            18288    18288       62     8000       0
                text93                            18B28    18B28       30     8000       0
                text92                            187AC    187AC       44     8000       0
                text91                            15D3E    15D3E      152     8000       0
                text90                            14E2C    14E2C      238     8000       0
                text88                            1807E    1807E       6C     8000       0
                text87                            123A6    123A6      47A     8000       0
                text86                            17908    17908       A6     8000       0
                text85                            1132C    1132C      70C     8000       0
                text84                            1493A    1493A      298     8000       0
                text83                            18DAC    18DAC       24     8000       0
                text82                            17F2A    17F2A       74     8000       0
                text81                            17EB6    17EB6       74     8000       0
                text80                            179AE    179AE       A4     8000       0
                text79                            18EA2    18EA2       12     8000       0
                text78                            17A52    17A52       A2     8000       0
                text77                            14BD2    14BD2      25A     8000       0
                text76                            175AA    175AA       B0     8000       0
                text75                            1855A    1855A       50     8000       0
                text74                            18AF8    18AF8       30     8000       0
                text73                            1527A    1527A      1B8     8000       0
                text72                            18D84    18D84       28     8000       0
                text71                            18A22    18A22       3A     8000       0
                text70                            184B6    184B6       54     8000       0
                text69                            155DE    155DE      1A8     8000       0
                text68                            172BE    172BE       C6     8000       0
                text67                            174F8    174F8       B2     8000       0
                text66                            13C16    13C16      39C     8000       0
                text65                            17708    17708       AC     8000       0
                text64                            166D4    166D4      106     8000       0
                text63                            12C60    12C60      42C     8000       0
                text62                            189E8    189E8       3A     8000       0
                text61                            11A38    11A38      4C2     8000       0
                text60                            18720    18720       48     8000       0
                text59                            165CC    165CC      108     8000       0
                text58                            16AEC    16AEC      100     8000       0
                text57                            15064    15064      216     8000       0
                text56                            18404    18404       5A     8000       0
                text55                            18F2A    18F2A        E     8000       0
                text54                            16F96    16F96       CC     8000       0
                text53                            186D8    186D8       48     8000       0
                text52                            189AE    189AE       3A     8000       0
                text51                            1712E    1712E       C8     8000       0
                text50                            1834A    1834A       60     8000       0
                text49                            18974    18974       3A     8000       0
                text48                            18226    18226       62     8000       0
                text47                            10000    10000      BBE     8000       0
                text46                            16EB2    16EB2       E4     8000       0
                text45                            188FC    188FC       3E     8000       0
                text44                            1893A    1893A       3A     8000       0
                text43                            182EA    182EA       60     8000       0
                text42                            1465C    1465C      2DE     8000       0
                text41                            10BBE    10BBE      76E     8000       0
                text40                            18010    18010       6E     8000       0
                text39                            18D5C    18D5C       28     8000       0
                text38                            183AA    183AA       5A     8000       0
                text37                            1308C    1308C      3F6     8000       0
                text36                            13876    13876      3A0     8000       0
                text35                            18646    18646       4A     8000       0
                text34                            18878    18878       42     8000       0
                text33                            15FDA    15FDA      142     8000       0
                text32                            15432    15432      1AC     8000       0
                text31                            18690    18690       48     8000       0
                text30                            13482    13482      3F4     8000       0
                text29                            11EFA    11EFA      4AC     8000       0
                text28                            1845E    1845E       58     8000       0
                text27                            18E4E    18E4E       18     8000       0
                text26                            18FCA    18FCA        4     8000       0
                text25                            18FC6    18FC6        4     8000       0
                text24                            1430C    1430C      350     8000       0
                text23                            18F5C    18F5C        8     8000       0
                text22                            17AF4    17AF4       9A     8000       0
                text21                            16CDE    16CDE       EE     8000       0
                text20                            1850A    1850A       50     8000       0
                text19                            18DF4    18DF4       20     8000       0
                text18                            18F1C    18F1C        E     8000       0
                text17                            18F0E    18F0E        E     8000       0
                text16                            18F00    18F00        E     8000       0
                text15                            18EF2    18EF2        E     8000       0
                text14                            18EE4    18EE4        E     8000       0
                text13                            17B8E    17B8E       98     8000       0
                text12                            18E7A    18E7A       14     8000       0
                text11                            18FC2    18FC2        4     8000       0
                text10                            18E66    18E66       14     8000       0
                text9                             18A5C    18A5C       36     8000       0
                text8                             18AC6    18AC6       32     8000       0
                text7                             18EB4    18EB4       10     8000       0
                text6                             18768    18768       44     8000       0
                text5                             15786    15786      178     8000       0
                text4                             15BE6    15BE6      158     8000       0
                text3                             18D32    18D32       2A     8000       0
                text2                             17384    17384       BC     8000       0
                text1                             18D06    18D06       2C     8000       0
                text0                             12820    12820      440     8000       0
                cstackCOMRAM                         2F       2F       2D        1       1
                cstackBANK0                          60       60       9F       60       1
                cstackBANK1                         194      194       6A      100       1
                bssBANK4                            400      400       80      400       1
                bssBANK3                            300      300      100      300       1
                dataBANK2                           2B3      2B3       1E      200       1
                bssBANK2                            200      200       B3      200       1
                bssBANK1                            100      100       94      100       1
                bssBANK0                             FF       FF        1       60       1
                bssCOMRAM                             1        1       2E        1       1
                cinit                             17F9E    17F9E       72     8000       0
                idataBANK2                        18E14    18E14       1E     8000       0

TOTAL           Name                               Link     Load   Length     Space
        CLASS   STACK          

        CLASS   CODE           
                intcode                               8        8      1D8         0
                init                                1E0      1E0        4         0
                reset_vec                             0        0        4         0
                text166                           18CD8    18CD8       2E         0
                text165                           18FBC    18FBC        6         0
                text164                           18FEE    18FEE        2         0
                text163                           18FB6    18FB6        6         0
                text162                           17062    17062       CC         0
                text161                           188BA    188BA       42         0
                text160                           18FEA    18FEA        4         0
                text159                           18FE6    18FE6        4         0
                text158                           18DD0    18DD0       24         0
                text157                           17D3E    17D3E       84         0
                text156                           18E32    18E32       1C         0
                text155                           18CA8    18CA8       30         0
                text154                           18C78    18C78       30         0
                text153                           18C48    18C48       30         0
                text152                           18C18    18C18       30         0
                text151                           18BE8    18BE8       30         0
                text150                           18834    18834       44         0
                text149                           18BB8    18BB8       30         0
                text148                           18B88    18B88       30         0
                text147                           18B58    18B58       30         0
                text146                           187F0    187F0       44         0
                text145                           18FE2    18FE2        4         0
                text144                           18FDE    18FDE        4         0
                text143                           18FDA    18FDA        4         0
                text142                           18FB0    18FB0        6         0
                text141                           18FD6    18FD6        4         0
                text140                           18FAA    18FAA        6         0
                text139                           18F9C    18F9C        8         0
                text138                           18E8E    18E8E       14         0
                text137                           18FD2    18FD2        4         0
                text136                           17DC2    17DC2       7E         0
                text135                           18F50    18F50        C         0
                text134                           18ED4    18ED4       10         0
                text133                           18EC4    18EC4       10         0
                text132                           171F6    171F6       C8         0
                text131                           17860    17860       A8         0
                text130                           18F44    18F44        C         0
                text129                           18F94    18F94        8         0
                text128                           18F8C    18F8C        8         0
                text127                           18F84    18F84        8         0
                text126                           18F7C    18F7C        8         0
                text125                           18F74    18F74        8         0
                text124                           18F6C    18F6C        8         0
                text123                           18F64    18F64        8         0
                text122                           18F38    18F38        C         0
                text121                           18156    18156       6C         0
                text120                           18FCE    18FCE        4         0
                text119                           180EA    180EA       6C         0
                text118                           18FA4    18FA4        6         0
                text117                           164B8    164B8      114         0
                text116                           169E6    169E6      106         0
                text115                           16BEC    16BEC       F2         0
                text114                           1611C    1611C      142         0
                text113                           17E40    17E40       76         0
                text112                           177B4    177B4       AC         0
                text111                           185FA    185FA       4C         0
                text110                           1625E    1625E      13E         0
                text109                           181C2    181C2       64         0
                text108                           168E0    168E0      106         0
                text107                           17CB6    17CB6       88         0
                text106                           13FB2    13FB2      35A         0
                text105                           15A74    15A74      172         0
                text104                           167DA    167DA      106         0
                text103                           158FE    158FE      176         0
                text102                           16DCC    16DCC       E6         0
                text101                           1639C    1639C      11C         0
                text100                           1765A    1765A       AE         0
                text99                            15E90    15E90      14A         0
                text98                            17C26    17C26       90         0
                text97                            185AA    185AA       50         0
                text96                            17440    17440       B8         0
                text95                            18A92    18A92       34         0
                text94                            18288    18288       62         0
                text93                            18B28    18B28       30         0
                text92                            187AC    187AC       44         0
                text91                            15D3E    15D3E      152         0
                text90                            14E2C    14E2C      238         0
                text88                            1807E    1807E       6C         0
                text87                            123A6    123A6      47A         0
                text86                            17908    17908       A6         0
                text85                            1132C    1132C      70C         0
                text84                            1493A    1493A      298         0
                text83                            18DAC    18DAC       24         0
                text82                            17F2A    17F2A       74         0
                text81                            17EB6    17EB6       74         0
                text80                            179AE    179AE       A4         0
                text79                            18EA2    18EA2       12         0
                text78                            17A52    17A52       A2         0
                text77                            14BD2    14BD2      25A         0
                text76                            175AA    175AA       B0         0
                text75                            1855A    1855A       50         0
                text74                            18AF8    18AF8       30         0
                text73                            1527A    1527A      1B8         0
                text72                            18D84    18D84       28         0
                text71                            18A22    18A22       3A         0
                text70                            184B6    184B6       54         0
                text69                            155DE    155DE      1A8         0
                text68                            172BE    172BE       C6         0
                text67                            174F8    174F8       B2         0
                text66                            13C16    13C16      39C         0
                text65                            17708    17708       AC         0
                text64                            166D4    166D4      106         0
                text63                            12C60    12C60      42C         0
                text62                            189E8    189E8       3A         0
                text61                            11A38    11A38      4C2         0
                text60                            18720    18720       48         0
                text59                            165CC    165CC      108         0
                text58                            16AEC    16AEC      100         0
                text57                            15064    15064      216         0
                text56                            18404    18404       5A         0
                text55                            18F2A    18F2A        E         0
                text54                            16F96    16F96       CC         0
                text53                            186D8    186D8       48         0
                text52                            189AE    189AE       3A         0
                text51                            1712E    1712E       C8         0
                text50                            1834A    1834A       60         0
                text49                            18974    18974       3A         0
                text48                            18226    18226       62         0
                text47                            10000    10000      BBE         0
                text46                            16EB2    16EB2       E4         0
                text45                            188FC    188FC       3E         0
                text44                            1893A    1893A       3A         0
                text43                            182EA    182EA       60         0
                text42                            1465C    1465C      2DE         0
                text41                            10BBE    10BBE      76E         0
                text40                            18010    18010       6E         0
                text39                            18D5C    18D5C       28         0
                text38                            183AA    183AA       5A         0
                text37                            1308C    1308C      3F6         0
                text36                            13876    13876      3A0         0
                text35                            18646    18646       4A         0
                text34                            18878    18878       42         0
                text33                            15FDA    15FDA      142         0
                text32                            15432    15432      1AC         0
                text31                            18690    18690       48         0
                text30                            13482    13482      3F4         0
                text29                            11EFA    11EFA      4AC         0
                text28                            1845E    1845E       58         0
                text27                            18E4E    18E4E       18         0
                text26                            18FCA    18FCA        4         0
                text25                            18FC6    18FC6        4         0
                text24                            1430C    1430C      350         0
                text23                            18F5C    18F5C        8         0
                text22                            17AF4    17AF4       9A         0
                text21                            16CDE    16CDE       EE         0
                text20                            1850A    1850A       50         0
                text19                            18DF4    18DF4       20         0
                text18                            18F1C    18F1C        E         0
                text17                            18F0E    18F0E        E         0
                text16                            18F00    18F00        E         0
                text15                            18EF2    18EF2        E         0
                text14                            18EE4    18EE4        E         0
                text13                            17B8E    17B8E       98         0
                text12                            18E7A    18E7A       14         0
                text11                            18FC2    18FC2        4         0
                text10                            18E66    18E66       14         0
                text9                             18A5C    18A5C       36         0
                text8                             18AC6    18AC6       32         0
                text7                             18EB4    18EB4       10         0
                text6                             18768    18768       44         0
                text5                             15786    15786      178         0
                text4                             15BE6    15BE6      158         0
                text3                             18D32    18D32       2A         0
                text2                             17384    17384       BC         0
                text1                             18D06    18D06       2C         0
                text0                             12820    12820      440         0
                cinit                             17F9E    17F9E       72         0
                idataBANK2                        18E14    18E14       1E         0

        CLASS   CONST          

        CLASS   SMALLCONST     

        CLASS   MEDIUMCONST    
                mediumconst                        FE38     FE38      1C8         0

        CLASS   COMRAM         
                temp                                 5C       5C        1         1
                cstackCOMRAM                         2F       2F       2D         1
                bssCOMRAM                             1        1       2E         1

        CLASS   ABS1           
                abs_s1                              D00      D00       40         1

        CLASS   BIGRAM         

        CLASS   RAM            

        CLASS   BANK0          
                cstackBANK0                          60       60       9F         1
                bssBANK0                             FF       FF        1         1

        CLASS   BANK1          
                cstackBANK1                         194      194       6A         1
                bssBANK1                            100      100       94         1

        CLASS   BANK2          
                dataBANK2                           2B3      2B3       1E         1
                bssBANK2                            200      200       B3         1

        CLASS   BANK3          
                bssBANK3                            300      300      100         1

        CLASS   BANK4          
                bssBANK4                            400      400       80         1

        CLASS   BANK5          

        CLASS   BANK6          

        CLASS   BANK7          

        CLASS   BANK8          

        CLASS   BANK9          

        CLASS   BANK10         

        CLASS   BANK11         

        CLASS   BANK12         

        CLASS   BANK13         

        CLASS   BANK14         

        CLASS   SFR            

        CLASS   CONFIG         
                config                            1FFF8    1FFF8        8         4

        CLASS   FARRAM         

        CLASS   IDLOC          



SEGMENTS        Name                           Load    Length   Top    Selector   Space  Class

                reset_vec                      000000  000004  000004         0       0  CODE    
                bssCOMRAM                      000001  00005C  00005D         1       1  COMRAM  
                intcode                        000008  0001DC  0001E4         4       0  CODE    
                cstackBANK0                    000060  0000A0  000100        60       1  BANK0   
                bssBANK1                       000100  0000FE  0001FE       100       1  BANK1   
                bssBANK2                       000200  0000D1  0002D1       200       1  BANK2   
                bssBANK3                       000300  000100  000400       300       1  BANK3   
                bssBANK4                       000400  000080  000480       400       1  BANK4   
                mediumconst                    00FE38  0001C8  010000      7F1C       0  MEDIUMCO
                text47                         010000  008FF0  018FF0      8000       0  CODE    


UNUSED ADDRESS RANGES

        Name                Unused          Largest block    Delta
        BANK1            001FE-001FF               2
        BANK10           00A00-00AFF             100
        BANK11           00B00-00BFF             100
        BANK12           00C00-00CFF             100
        BANK13           00D40-00DFF              C0
        BANK14           00E00-00EAF              B0
        BANK2            002D1-002FF              2F
        BANK4            00480-004FF              80
        BANK5            00500-005FF             100
        BANK6            00600-006FF             100
        BANK7            00700-007FF             100
        BANK8            00800-008FF             100
        BANK9            00900-009FF             100
        BIGRAM           0005D-0005F               3
                         001FE-001FF               2
                         002D1-002FF              2F
                         00480-00CFF             880
                         00D40-00EAF             170
        CODE             00004-00007               4
                         001E4-0FE37            FC54
                         18FF0-1FFF7            7008
        COMRAM           0005D-0005F               3
        CONST            00004-00007               4
                         001E4-0FE37            FC54
                         18FF0-1FFF7            7008
        MEDIUMCONST      00F00-0FE37            EF38
                         18FF0-1FFF7            7008
        RAM              001FE-001FF               2
                         002D1-002FF              2F
                         00480-00CFF             100
                         00D40-00EAF              C0
        SFR              00EB0-00FFF              60
        SMALLCONST       00F00-0FE37             100
                         18FF0-1FFF7             100
        STACK            00480-00CFF             880

                                  Symbol Table

?_BME280calibration_H                                      cstackBANK0   0006C
?_BME280calibration_P                                      cstackBANK0   0006D
?_BME280calibration_T                                      cstackBANK0   0006C
?_I2C_Receive                                              cstackBANK0   00062
?_I2C_Start                                                cstackBANK0   00062
?_I2C_rStart                                               cstackBANK0   00062
?_USBTransferOnePacket                                     cstackBANK0   00060
?___awdiv                                                  cstackBANK0   00060
?___awmod                                                  cstackBANK0   00060
?___fladd                                                  cstackBANK0   00079
?___fldiv                                                  cstackBANK0   0006E
?___flmul                                                  cstackBANK0   00060
?___flneg                                                  cstackBANK0   00060
?___flsub                                                  cstackBANK0   00089
?___fltol                                                  cstackBANK0   00060
?___fpclassifyf                                            cstackBANK0   00060
?___lldiv                                                  cstackBANK0   00060
?___lmul                                                   cstackBANK0   00060
?___wmul                                                   cstackBANK0   00060
?___xxtofl                                                 cstackBANK0   00060
?_atoi                                                     cstackBANK0   00067
?_efgtoa                                                   cstackBANK0   0009B
?_floorf                                                   cstackBANK0   00087
?_isalpha                                                  cstackBANK0   00060
?_isdigit                                                  cstackBANK0   00060
?_islower                                                  cstackBANK0   00060
?_isspace                                                  cstackBANK0   00060
?_isupper                                                  cstackBANK0   00060
?_pad                                                      cstackBANK0   00072
?_printf                                                   cstackBANK0   000F1
?_sprintf                                                  cstackBANK0   000F1
?_strlen                                                   cstackBANK0   00060
?_strncmp                                                  cstackBANK0   00060
?_tolower                                                  cstackBANK0   00066
?_toupper                                                  cstackBANK0   00066
?_vfpfcnvrt                                                cstackBANK0   000DF
?_vfprintf                                                 cstackBANK0   000E9
?_xtoa                                                     cstackBANK0   0007D
?i2_USBTransferOnePacket                                   cstackCOMRAM  0002F
BME280_loop@DI                                             cstackBANK1   001E4
BME280_loop@buf                                            cstackBANK1   001B8
BME280_loop@hum_act                                        cstackBANK1   001E8
BME280_loop@hum_cal                                        cstackBANK1   001D0
BME280_loop@press_act                                      cstackBANK1   001E0
BME280_loop@press_cal                                      cstackBANK1   001CC
BME280_loop@temp_act                                       cstackBANK1   001EC
BME280_loop@temp_cal                                       cstackBANK1   001C8
BME280_setup@filter                                        cstackBANK0   00094
BME280_setup@mode                                          cstackBANK0   00092
BME280_setup@osrs_h                                        cstackBANK0   00091
BME280_setup@osrs_p                                        cstackBANK0   00090
BME280_setup@spi3w_en                                      cstackBANK0   00095
BME280_setup@t_sb                                          cstackBANK0   00093
BME280calibration_H@adc_H                                  cstackBANK0   0006C
BME280calibration_H@v_x1                                   cstackBANK0   00099
BME280calibration_P@P                                      cstackBANK0   00086
BME280calibration_P@adc_P                                  cstackBANK0   0006D
BME280calibration_P@var1                                   cstackBANK0   0008A
BME280calibration_P@var2                                   cstackBANK0   00082
BME280calibration_T@T                                      cstackBANK0   0008B
BME280calibration_T@adc_T                                  cstackBANK0   0006C
BME280calibration_T@var1                                   cstackBANK0   00083
BME280calibration_T@var2                                   cstackBANK0   00087
BME280readData@ans                                         cstackBANK0   00099
BME280readData@data                                        cstackBANK0   00079
BME280readData@i_4953                                      cstackBANK0   0009B
BME280readTrim@ans                                         cstackBANK0   0008D
BME280readTrim@data                                        cstackBANK0   0006B
BME280readTrim@i_4943                                      cstackBANK0   0008B
BME280readTrim@i_4944                                      cstackBANK0   0008C
BME280writeReg@ans                                         cstackBANK0   00069
BME280writeReg@data                                        cstackBANK0   00067
BME280writeReg@reg_address                                 cstackBANK0   00068
CDCTxService@byte_to_send                                  cstackBANK0   0006C
CDCTxService@i                                             cstackBANK0   0006B
Color_Read@ans                                             cstackBANK1   001CA
Color_Read@buf                                             cstackBANK1   001BA
Color_Read@i                                               cstackBANK1   001CC
Color_init@ans                                             cstackBANK1   001CA
Color_init@buf                                             cstackBANK1   001BA
Color_init@i                                               cstackBANK1   001CC
EUSART1_Read@readValue                                     cstackBANK0   00060
EUSART1_SetErrorHandler@interruptHandler                   cstackBANK0   00060
EUSART1_SetFramingErrorHandler@interruptHandler            cstackBANK0   00060
EUSART1_SetOverrunErrorHandler@interruptHandler            cstackBANK0   00060
EUSART1_SetRxInterruptHandler@interruptHandler             cstackBANK0   00060
EUSART1_SetTxInterruptHandler@interruptHandler             cstackBANK0   00060
EUSART1_Write@txData                                       cstackBANK0   00060
I2C1_CallbackReturnReset@funPtr                            cstackCOMRAM  0003A
I2C1_MasterSendTxData@data                                 cstackCOMRAM  0002F
I2C1_SetBuffer@buffer                                      cstackCOMRAM  0002F
I2C1_SetBuffer@bufferSize                                  cstackCOMRAM  00031
I2C1_SetCallback@cb                                        cstackCOMRAM  0002F
I2C1_SetCallback@idx                                       cstackCOMRAM  00034
I2C1_SetCallback@ptr                                       cstackCOMRAM  00032
I2C1_SetDataCompleteCallback@cb                            cstackCOMRAM  00035
I2C1_SetDataCompleteCallback@ptr                           cstackCOMRAM  00038
I2C_IdleCheck@mask                                         cstackBANK0   00061
I2C_Receive@ack                                            cstackBANK0   00062
I2C_Receive@dt                                             cstackBANK0   00064
I2C_Send@dt                                                cstackBANK0   00063
I2C_Start@adrs                                             cstackBANK0   00062
I2C_Start@rw                                               cstackBANK0   00064
I2C_rStart@adrs                                            cstackBANK0   00062
I2C_rStart@rw                                              cstackBANK0   00064
IR_RemoteControl_Send@IR_Data                              cstackBANK0   00060
IR_RemoteControl_Send@codebyte                             cstackBANK0   00068
IR_RemoteControl_Send@i                                    cstackBANK0   00066
IR_RemoteControl_Send@i_5513                               cstackBANK0   0006B
IR_RemoteControl_Send@j                                    cstackBANK0   00069
IR_RemoteControl_Send@j_5514                               cstackBANK0   0006D
IR_RemoteControl_Send@size                                 cstackBANK0   00062
LCD_Command@ans                                            cstackBANK0   00068
LCD_Command@c                                              cstackBANK0   00067
LCD_CreateChar@dt                                          cstackBANK0   00069
LCD_CreateChar@p                                           cstackBANK0   00067
LCD_CreateChar@x                                           cstackBANK0   0006B
LCD_Init_ST7032i@bon                                       cstackBANK0   0006E
LCD_Init_ST7032i@colsu                                     cstackBANK0   00070
LCD_Init_ST7032i@contrast                                  cstackBANK0   0006C
LCD_Init_ST7032i@d                                         cstackBANK0   00075
LCD_Init_ST7032i@icon                                      cstackBANK0   0006A
LCD_Putc@ans                                               cstackBANK0   00068
LCD_Putc@c                                                 cstackBANK0   00067
LCD_Puts@ans                                               cstackBANK0   0006A
LCD_Puts@s                                                 cstackBANK0   00067
LCD_SetCursor@F7614                                        dataBANK2     002CD
LCD_SetCursor@col                                          cstackBANK0   0006A
LCD_SetCursor@row                                          cstackBANK0   0006C
LCD_SetCursor@row_offsets                                  cstackBANK0   0006E
USBConfigureEndpoint@EPNum                                 cstackCOMRAM  00034
USBConfigureEndpoint@direction                             cstackCOMRAM  0002F
USBConfigureEndpoint@handle                                cstackCOMRAM  00035
USBCtrlTrfInHandler@lastDTS                                cstackCOMRAM  00030
USBCtrlTrfRxService@byteToRead                             cstackCOMRAM  00030
USBCtrlTrfRxService@i                                      cstackCOMRAM  0002F
USBCtrlTrfTxService@byteToSend                             cstackCOMRAM  0002F
USBDeviceInit@i                                            cstackBANK0   0006C
USBDeviceTasks@i                                           cstackCOMRAM  0004D
USBEnableEndpoint@ep                                       cstackCOMRAM  0003A
USBEnableEndpoint@options                                  cstackCOMRAM  00037
USBEnableEndpoint@p                                        cstackCOMRAM  00038
USBStdFeatureReqHandler@current_ep_data                    cstackCOMRAM  00047
USBStdFeatureReqHandler@p                                  cstackCOMRAM  00048
USBStdFeatureReqHandler@pUEP                               cstackCOMRAM  00045
USBStdGetStatusHandler@p                                   cstackCOMRAM  00031
USBStdSetCfgHandler@i                                      cstackCOMRAM  00043
USBTransferOnePacket@data                                  cstackBANK0   00061
USBTransferOnePacket@dir                                   cstackBANK0   00060
USBTransferOnePacket@ep                                    cstackBANK0   00068
USBTransferOnePacket@handle                                cstackBANK0   00069
USBTransferOnePacket@len                                   cstackBANK0   00063
USER_USB_CALLBACK_EVENT_HANDLER@event                      cstackCOMRAM  0003B
USER_USB_CALLBACK_EVENT_HANDLER@pdata                      cstackCOMRAM  0003D
USER_USB_CALLBACK_EVENT_HANDLER@size                       cstackCOMRAM  0003F
_ANCON0                                                    (abs)         00F48
_ANCON1                                                    (abs)         00F49
_AckCheck                                                  bssBANK1      00174
_BAUDCON1                                                  (abs)         00F7E
_BDT                                                       (abs)         00D00
_BME280_loop                                               text37        1308C
_BME280_loop$6853                                          cstackBANK1   001D4
_BME280_loop$6854                                          cstackBANK1   001D8
_BME280_loop$6855                                          cstackBANK1   001DC
_BME280_setup                                              text34        18878
_BME280calibration_H                                       text87        123A6
_BME280calibration_H$6858                                  cstackBANK0   00095
_BME280calibration_H$6859                                  cstackBANK0   00085
_BME280calibration_H$6860                                  cstackBANK0   00089
_BME280calibration_H$6861                                  cstackBANK0   0008D
_BME280calibration_H$6862                                  cstackBANK0   00091
_BME280calibration_P                                       text85        1132C
_BME280calibration_P$6857                                  cstackBANK0   0007E
_BME280calibration_T                                       text84        1493A
_BME280calibration_T$6856                                  cstackBANK0   0008F
_BME280readData                                            text77        14BD2
_BME280readTrim                                            text36        13876
_BME280writeReg                                            text35        18646
_BaudRateGen                                               bssBANK2      00250
_BothEP0OutUOWNsSet                                        bssBANK1      0018D
_CCP1CON                                                   (abs)         00FBA
_CCPR1H                                                    (abs)         00FBC
_CCPR1L                                                    (abs)         00FBB
_CCPTMRS0bits                                              (abs)         00F52
_CDCDataInHandle                                           bssBANK1      00176
_CDCDataOutHandle                                          bssBANK1      00178
_CDCInitEP                                                 text109       181C2
_CDCTxService                                              text32        15432
_CollisionCheck                                            bssCOMRAM     0001C
_Color_Read                                                text30        13482
_Color_init                                                text29        11EFA
_ContSet_DT                                                bssBANK1      00150
_CtrlTrfData                                               (abs)         00D38
_ECCP1AS                                                   (abs)         00FBE
_ECCP1DEL                                                  (abs)         00FBD
_EECON1bits                                                (abs)         00FA6
_EECON2                                                    (abs)         00FA7
_EPWM1_Initialize                                          text19        18DF4
_EUSART1_DefaultErrorHandler                               text165       18FBC
_EUSART1_DefaultFramingErrorHandler                        text164       18FEE
_EUSART1_DefaultOverrunErrorHandler                        text163       18FB6
_EUSART1_ErrorHandler                                      bssBANK1      0012E
_EUSART1_FramingErrorHandler                               bssBANK1      00134
_EUSART1_Initialize                                        text13        17B8E
_EUSART1_OverrunErrorHandler                               bssBANK1      00131
_EUSART1_Read                                              text28        1845E
_EUSART1_Receive_ISR                                       text162       17062
_EUSART1_RxDataHandler                                     text166       18CD8
_EUSART1_RxDefaultInterruptHandler                         bssBANK1      0013A
_EUSART1_SetErrorHandler                                   text18        18F1C
_EUSART1_SetFramingErrorHandler                            text17        18F0E
_EUSART1_SetOverrunErrorHandler                            text16        18F00
_EUSART1_SetRxInterruptHandler                             text15        18EF2
_EUSART1_SetTxInterruptHandler                             text14        18EE4
_EUSART1_Transmit_ISR                                      text161       188BA
_EUSART1_TxDefaultInterruptHandler                         bssBANK1      00137
_EUSART1_Write                                             text56        18404
_EUSART1_is_rx_ready                                       text27        18E4E
_FuncSet_DT                                                bssBANK1      00152
_I2C1_CallbackReturnReset                                  text144       18FDE
_I2C1_CallbackReturnStop                                   text145       18FE2
_I2C1_DO_ADDRESS_NACK                                      text121       18156
_I2C1_DO_IDLE                                              text135       18F50
_I2C1_DO_RCEN                                              text130       18F44
_I2C1_DO_RESET                                             text122       18F38
_I2C1_DO_RX                                                text131       17860
_I2C1_DO_RX_ACK                                            text125       18F74
_I2C1_DO_RX_NACK_RESTART                                   text123       18F64
_I2C1_DO_RX_NACK_STOP                                      text124       18F6C
_I2C1_DO_SEND_ADR_READ                                     text134       18ED4
_I2C1_DO_SEND_ADR_WRITE                                    text133       18EC4
_I2C1_DO_SEND_RESTART                                      text127       18F84
_I2C1_DO_SEND_RESTART_READ                                 text129       18F94
_I2C1_DO_SEND_RESTART_WRITE                                text128       18F8C
_I2C1_DO_SEND_STOP                                         text126       18F7C
_I2C1_DO_TX                                                text132       171F6
_I2C1_DO_TX_EMPTY                                          text136       17DC2
_I2C1_Initialize                                           text12        18E7A
_I2C1_MasterClearIrq                                       text120       18FCE
_I2C1_MasterEnableRestart                                  text160       18FEA
_I2C1_MasterFsm                                            text119       180EA
_I2C1_MasterGetRxData                                      text141       18FD6
_I2C1_MasterIsNack                                         text138       18E8E
_I2C1_MasterIsr                                            text118       18FA4
_I2C1_MasterSendAck                                        text140       18FAA
_I2C1_MasterSendNack                                       text142       18FB0
_I2C1_MasterSendTxData                                     text139       18F9C
_I2C1_MasterSetIrq                                         text137       18FD2
_I2C1_MasterStartRx                                        text143       18FDA
_I2C1_MasterStop                                           text159       18FE6
_I2C1_SetBuffer                                            text158       18DD0
_I2C1_SetCallback                                          text157       17D3E
_I2C1_SetDataCompleteCallback                              text156       18E32
_I2C1_Status                                               bssBANK2      00200
_I2C_IdleCheck                                             text83        18DAC
_I2C_Receive                                               text82        17F2A
_I2C_Send                                                  text81        17EB6
_I2C_Start                                                 text80        179AE
_I2C_Stop                                                  text79        18EA2
_I2C_busy                                                  bssBANK1      0017C
_I2C_cfct_flag                                             bssBANK1      0017D
_I2C_rStart                                                text78        17A52
_I2C_sent_flag                                             bssBANK1      0017E
_INTCON2bits                                               (abs)         00FF1
_INTCONbits                                                (abs)         00FF2
_INTERRUPT_Initialize                                      text11        18FC2
_INTERRUPT_InterruptManager                                intcode       00008
_IPR1bits                                                  (abs)         00F9F
_IPR2bits                                                  (abs)         00FA2
_IR_Data_Ch1                                               mediumconst   0FE81
_IR_Data_Ch2                                               mediumconst   0FE7B
_IR_Data_Ch3                                               mediumconst   0FE75
_IR_Data_Ch4                                               mediumconst   0FE6F
_IR_Data_Ch5                                               mediumconst   0FE69
_IR_Data_Power                                             mediumconst   0FF2A
_IR_RemoteControl_Send                                     text24        1430C
_LATA                                                      (abs)         00F89
_LATAbits                                                  (abs)         00F89
_LATB                                                      (abs)         00F8A
_LATC                                                      (abs)         00F8B
_LATCbits                                                  (abs)         00F8B
_LCD_Clear                                                 text31        18690
_LCD_ColumnSu                                              bssCOMRAM     0001A
_LCD_Command                                               text75        1855A
_LCD_CreateChar                                            text22        17AF4
_LCD_Init_ST7032i                                          text21        16CDE
_LCD_NowPage                                               bssBANK1      00154
_LCD_Putc                                                  text20        1850A
_LCD_Puts                                                  text76        175AA
_LCD_SetCursor                                             text74        18AF8
_MSSP1_InterruptHandler                                    bssBANK1      00149
_ODCON1                                                    (abs)         00F42
_ODCON2                                                    (abs)         00F41
_ODCON3                                                    (abs)         00F40
_OSCCON                                                    (abs)         00FD3
_OSCCON2                                                   (abs)         00F87
_OSCILLATOR_Initialize                                     text10        18E66
_OSCTUNE                                                   (abs)         00F9B
_PIE1bits                                                  (abs)         00F9D
_PIE2bits                                                  (abs)         00FA0
_PIN_MANAGER_Initialize                                    text9         18A5C
_PIR1bits                                                  (abs)         00F9E
_PIR2bits                                                  (abs)         00FA1
_PORTAbits                                                 (abs)         00F80
_PORTBbits                                                 (abs)         00F81
_PR2                                                       (abs)         00FCB
_PSTR1CON                                                  (abs)         00FBF
_RA1                                                       (abs)         07C01
_RCONbits                                                  (abs)         00FD0
_RCREG1                                                    (abs)         00FAF
_RCSTA1                                                    (abs)         00FAC
_RCSTA1bits                                                (abs)         00FAC
_REFOCON                                                   (abs)         00F3D
_RPOR2                                                     (abs)         00EC2
_RemoteWakeup                                              bssBANK1      0018F
_SPBRG1                                                    (abs)         00FB0
_SPBRGH1                                                   (abs)         00F7F
_SSP1ADD                                                   (abs)         00FC8
_SSP1BUF                                                   (abs)         00FC9
_SSP1CON1                                                  (abs)         00FC6
_SSP1CON1bits                                              (abs)         00FC6
_SSP1CON2                                                  (abs)         00FC5
_SSP1CON2bits                                              (abs)         00FC5
_SSP1STAT                                                  (abs)         00FC7
_SSP1STATbits                                              (abs)         00FC7
_SSPBUF                                                    (abs)         00FC9
_SYSTEM_Initialize                                         text3         18D32
_SetupPkt                                                  (abs)         00D30
_T1CON                                                     (abs)         00FCD
_T1CONbits                                                 (abs)         00FCD
_T1GCON                                                    (abs)         00F9A
_T1GCONbits                                                (abs)         00F9A
_T2CON                                                     (abs)         00FCA
_T2CONbits                                                 (abs)         00FCA
_TABLAT                                                    (abs)         00FF5
_TBLPTRH                                                   (abs)         00FF7
_TBLPTRL                                                   (abs)         00FF6
_TBLPTRU                                                   (abs)         00FF8
_TMR1H                                                     (abs)         00FCF
_TMR1L                                                     (abs)         00FCE
_TMR1ON                                                    (abs)         07E68
_TMR1_Initialize                                           text8         18AC6
_TMR2                                                      (abs)         00FCC
_TMR2_Initialize                                           text7         18EB4
_TMR2_StartTimer                                           text26        18FCA
_TMR2_StopTimer                                            text25        18FC6
_TRISA                                                     (abs)         00F92
_TRISB                                                     (abs)         00F93
_TRISC                                                     (abs)         00F94
_TXREG1                                                    (abs)         00FAE
_TXSTA1                                                    (abs)         00FAD
_TXSTA1bits                                                (abs)         00FAD
_UADDR                                                     (abs)         00F38
_UCFG                                                      (abs)         00F39
_UCON                                                      (abs)         00F65
_UCONbits                                                  (abs)         00F65
_UEIE                                                      (abs)         00F37
_UEIR                                                      (abs)         00F63
_UEP0                                                      (abs)         00F26
_UEP0bits                                                  (abs)         00F26
_UEP1                                                      (abs)         00F27
_UIE                                                       (abs)         00F36
_UIEbits                                                   (abs)         00F36
_UIR                                                       (abs)         00F62
_UIRbits                                                   (abs)         00F62
_USB1msTickCount                                           bssBANK1      0012A
_USBActiveConfiguration                                    bssCOMRAM     0002E
_USBAlternateInterface                                     bssBANK1      00192
_USBBusIsSuspended                                         bssBANK1      0018E
_USBCheckCDCRequest                                        text108       168E0
_USBCheckStdRequest                                        text101       1639C
_USBConfigureEndpoint                                      text112       177B4
_USBCtrlEPAllowDataStage                                   text100       1765A
_USBCtrlEPAllowStatusStage                                 text115       16BEC
_USBCtrlEPService                                          text96        17440
_USBCtrlEPServiceComplete                                  text99        15E90
_USBCtrlTrfInHandler                                       text116       169E6
_USBCtrlTrfOutHandler                                      text113       17E40
_USBCtrlTrfRxService                                       text114       1611C
_USBCtrlTrfSetupHandler                                    text98        17C26
_USBCtrlTrfTxService                                       text117       164B8
_USBDeferINDataStagePackets                                bssBANK1      0018A
_USBDeferOUTDataStagePackets                               bssBANK1      00189
_USBDeferStatusStagePacket                                 bssCOMRAM     00026
_USBDeviceAttach                                           text6         18768
_USBDeviceInit                                             text4         15BE6
_USBDeviceState                                            bssCOMRAM     0002C
_USBDeviceTasks                                            text90        14E2C
_USBEnableEndpoint                                         text111       185FA
_USBIncrement1msInternalTimers                             text95        18A92
_USBStallHandler                                           text94        18288
_USBStatusStageEnabledFlag1                                bssBANK1      0018C
_USBStatusStageEnabledFlag2                                bssBANK1      0018B
_USBStatusStageTimeoutCounter                              bssCOMRAM     00027
_USBStdFeatureReqHandler                                   text106       13FB2
_USBStdGetDscHandler                                       text105       15A74
_USBStdGetStatusHandler                                    text104       167DA
_USBStdSetCfgHandler                                       text102       16DCC
_USBSuspend                                                text93        18B28
_USBTicksSinceSuspendEnd                                   bssBANK1      00188
_USBTransferOnePacket                                      text33        15FDA
_USBWakeFromSuspend                                        text92        187AC
_USB_CD_Ptr                                                mediumconst   0FE8D
_USB_SD_Ptr                                                mediumconst   0FE87
_USER_USB_CALLBACK_EVENT_HANDLER                           text107       17CB6
_USTAT                                                     (abs)         00F64
_USTATcopy                                                 bssCOMRAM     0002D
_Wait27us                                                  text23        18F5C
__HRAM                                                     (abs)         00000
__Habs1                                                    abs1          00000
__Hbank0                                                   bank0         00000
__Hbank1                                                   bank1         00000
__Hbank10                                                  bank10        00000
__Hbank11                                                  bank11        00000
__Hbank12                                                  bank12        00000
__Hbank13                                                  bank13        00000
__Hbank14                                                  bank14        00000
__Hbank2                                                   bank2         00000
__Hbank3                                                   bank3         00000
__Hbank4                                                   bank4         00000
__Hbank5                                                   bank5         00000
__Hbank6                                                   bank6         00000
__Hbank7                                                   bank7         00000
__Hbank8                                                   bank8         00000
__Hbank9                                                   bank9         00000
__Hbigbss                                                  bigbss        00000
__Hbigdata                                                 bigdata       00000
__Hbigram                                                  bigram        00000
__Hbss                                                     bss           00000
__HbssBANK0                                                bssBANK0      00000
__HbssBANK1                                                bssBANK1      00000
__HbssBANK2                                                bssBANK2      00000
__HbssBANK3                                                bssBANK3      00000
__HbssBANK4                                                bssBANK4      00000
__HbssCOMRAM                                               bssCOMRAM     00000
__Hcinit                                                   cinit         00000
__Hclrtext                                                 clrtext       00000
__Hcomram                                                  comram        00000
__Hconfig                                                  config        20000
__Hconst                                                   const         00000
__HcstackBANK0                                             cstackBANK0   00000
__HcstackBANK1                                             cstackBANK1   00000
__HcstackCOMRAM                                            cstackCOMRAM  00000
__Hdata                                                    data          00000
__HdataBANK2                                               dataBANK2     00000
__Hfarbss                                                  farbss        00000
__Hfardata                                                 fardata       00000
__Hibigdata                                                ibigdata      00000
__Hidata                                                   idata         00000
__HidataBANK2                                              idataBANK2    00000
__Hidloc                                                   idloc         00000
__Hifardata                                                ifardata      00000
__Hinit                                                    init          001E4
__Hintcode                                                 intcode       001E0
__Hintcode_body                                            intcode_body  00000
__Hintcodelo                                               intcodelo     001E0
__Hintentry                                                intentry      00000
__Hintret                                                  intret        00000
__Hintsave_regs                                            intsave_regs  00000
__Hirdata                                                  irdata        00000
__Hjflash_buffer                                           jflash_buffer 1F800
__Hmediumconst                                             mediumconst   10000
__HnvFARRAM                                                nvFARRAM      00000
__Hnvbit                                                   nvbit         00000
__Hnvrram                                                  nvrram        00000
__Hparam                                                   rparam        00000
__Hpowerup                                                 powerup       001E0
__Hram                                                     ram           00000
__Hramtop                                                  ramtop        00F00
__Hrbit                                                    rbit          00000
__Hrbss                                                    rbss          00000
__Hrdata                                                   rdata         00000
__Hreset_vec                                               reset_vec     00004
__Hrparam                                                  rparam        00000
__Hsfr                                                     sfr           00000
__Hsmallconst                                              smallconst    00000
__Hspace_0                                                 (abs)         1F800
__Hspace_1                                                 (abs)         00480
__Hspace_2                                                 (abs)         00000
__Hspace_4                                                 (abs)         3FFF8
__Hstack                                                   stack         00000
__Hstruct                                                  struct        00000
__Htemp                                                    temp          0005D
__Htext                                                    text          00000
__Htext0                                                   text0         00000
__Htext1                                                   text1         00000
__Htext10                                                  text10        00000
__Htext100                                                 text100       00000
__Htext101                                                 text101       00000
__Htext102                                                 text102       00000
__Htext103                                                 text103       00000
__Htext104                                                 text104       00000
__Htext105                                                 text105       00000
__Htext106                                                 text106       00000
__Htext107                                                 text107       00000
__Htext108                                                 text108       00000
__Htext109                                                 text109       00000
__Htext11                                                  text11        00000
__Htext110                                                 text110       00000
__Htext111                                                 text111       00000
__Htext112                                                 text112       00000
__Htext113                                                 text113       00000
__Htext114                                                 text114       00000
__Htext115                                                 text115       00000
__Htext116                                                 text116       00000
__Htext117                                                 text117       00000
__Htext118                                                 text118       00000
__Htext119                                                 text119       00000
__Htext12                                                  text12        00000
__Htext120                                                 text120       00000
__Htext121                                                 text121       00000
__Htext122                                                 text122       00000
__Htext123                                                 text123       00000
[...]
      Totals:         0       0       0       0       0       0       0       0       0       0       0       0       0       0       0       0
Total ram usage:        0 bytes
 Hardware stack levels used:    1
 This function calls:
		Nothing
 This function is called by:
		_EUSART1_Initialize
		_EUSART1_Receive_ISR
 This function uses a non-reentrant model


 *************** function _EUSART1_DefaultErrorHandler *****************
 Defined at:
		line 269 in file "mcc_generated_files/eusart1.c"
 Parameters:    Size  Location     Type
		None
 Auto vars:     Size  Location     Type
		None
 Return value:  Size  Location     Type
                  1    wreg      void 
 Registers used:
		wreg, fsr2l, fsr2h, status,2, status,0, cstack
 Tracked objects:
		On entry : 
		On exit  : 
		Unchanged: 
 Data sizes:     COMRAM   BANK0   BANK1   BANK2   BANK3   BANK4   BANK5   BANK6   BANK7   BANK8   BANK9  BANK10  BANK11  BANK12  BANK13  BANK14
      Params:         0       0       0       0       0       0       0       0       0       0       0       0       0       0       0       0
      Locals:         0       0       0       0       0       0       0       0       0       0       0       0       0       0       0       0
      Temps:          0       0       0       0       0       0       0       0       0       0       0       0       0       0       0       0
      Totals:         0       0       0       0       0       0       0       0       0       0       0       0       0       0       0       0
Total ram usage:        0 bytes
 Hardware stack levels used:    1
 Hardware stack levels required when called:    1
 This function calls:
		_EUSART1_RxDataHandler
 This function is called by:
		_EUSART1_Initialize
		_EUSART1_Receive_ISR
 This function uses a non-reentrant model


 *************** function _EUSART1_RxDataHandler *****************
 Defined at:
		line 249 in file "mcc_generated_files/eusart1.c"
 Parameters:    Size  Location     Type
		None
 Auto vars:     Size  Location     Type
		None
 Return value:  Size  Location     Type
                  1    wreg      void 
 Registers used:
		wreg, fsr2l, fsr2h, status,2, status,0
 Tracked objects:
		On entry : 
		On exit  : 
		Unchanged: 
 Data sizes:     COMRAM   BANK0   BANK1   BANK2   BANK3   BANK4   BANK5   BANK6   BANK7   BANK8   BANK9  BANK10  BANK11  BANK12  BANK13  BANK14
      Params:         0       0       0       0       0       0       0       0       0       0       0       0       0       0       0       0
      Locals:         0       0       0       0       0       0       0       0       0       0       0       0       0       0       0       0
      Temps:          0       0       0       0       0       0       0       0       0       0       0       0       0       0       0       0
      Totals:         0       0       0       0       0       0       0       0       0       0       0       0       0       0       0       0
Total ram usage:        0 bytes
 Hardware stack levels used:    1
 This function calls:
		Nothing
 This function is called by:
		_EUSART1_Receive_ISR
		_EUSART1_DefaultErrorHandler
 This function uses a non-reentrant model



MODULE INFORMATION

Module		Function		Class		Link	Load	Size
D:\install_soft\XC_Compiler\XC8\pic\sources\c99\common\atoi.c
		_atoi          		CODE           	155DE	0000	425

D:\install_soft\XC_Compiler\XC8\pic\sources\c99\common\atoi.c estimated size: 425

D:\install_soft\XC_Compiler\XC8\pic\sources\c99\common\strcpy.c
		_strcpy        		CODE           	1834A	0000	97

D:\install_soft\XC_Compiler\XC8\pic\sources\c99\common\strcpy.c estimated size: 97

D:\install_soft\XC_Compiler\XC8\pic\sources\c99\common\islower.c
		_islower       		CODE           	1893A	0000	59

D:\install_soft\XC_Compiler\XC8\pic\sources\c99\common\islower.c estimated size: 59

D:\install_soft\XC_Compiler\XC8\pic\sources\c99\common\fleq.c
		___fleq        		CODE           	17708	0000	173

D:\install_soft\XC_Compiler\XC8\pic\sources\c99\common\fleq.c estimated size: 173

D:\install_soft\XC_Compiler\XC8\pic\sources\c99\common\flneg.c
		___flneg       		CODE           	189E8	0000	59

D:\install_soft\XC_Compiler\XC8\pic\sources\c99\common\flneg.c estimated size: 59

D:\install_soft\XC_Compiler\XC8\pic\sources\c99\common\memset.c
		_memset        		CODE           	15786	0000	377

D:\install_soft\XC_Compiler\XC8\pic\sources\c99\common\memset.c estimated size: 377

D:\install_soft\XC_Compiler\XC8\pic\sources\c99\common\strncmp.c
		_strncmp       		CODE           	16EB2	0000	229

D:\install_soft\XC_Compiler\XC8\pic\sources\c99\common\strncmp.c estimated size: 229

D:\install_soft\XC_Compiler\XC8\pic\sources\c99\common\tolower.c
		_tolower       		CODE           	18226	0000	99

D:\install_soft\XC_Compiler\XC8\pic\sources\c99\common\tolower.c estimated size: 99

mcc_generated_files/examples/i2c1_master_example.c
		_rdBlkRegCompleteHandler@i2c1_master_example$F182		CODE           	187F0	0000	69
		_rd1RegCompleteHandler@i2c1_master_example$F148		CODE           	18BB8	0000	49
		_rd2RegCompleteHandler@i2c1_master_example$F159		CODE           	18B88	0000	49
		_wr1RegCompleteHandler@i2c1_master_example$F165		CODE           	18B58	0000	49
		_wr2RegCompleteHandler@i2c1_master_example$F171		CODE           	18CA8	0000	49

mcc_generated_files/examples/i2c1_master_example.c estimated size: 265

D:\install_soft\XC_Compiler\XC8\pic\sources\c99\common\sprcmul.c
		___flmul       		CODE           	12C60	0000	1069

D:\install_soft\XC_Compiler\XC8\pic\sources\c99\common\sprcmul.c estimated size: 1069

skS11059-02DT.c
		_Color_Read    		CODE           	13482	0000	1013
		_Color_init    		CODE           	11EFA	0000	1197

skS11059-02DT.c estimated size: 2210

D:\install_soft\XC_Compiler\XC8\pic\sources\c99\common\sprcdiv.c
		___fldiv       		CODE           	13C16	0000	925

D:\install_soft\XC_Compiler\XC8\pic\sources\c99\common\sprcdiv.c estimated size: 925

D:\install_soft\XC_Compiler\XC8\pic\sources\c99\common\toupper.c
		_toupper       		CODE           	182EA	0000	97

D:\install_soft\XC_Compiler\XC8\pic\sources\c99\common\toupper.c estimated size: 97

mcc_generated_files/i2c1_master.c
		_I2C1_DO_SEND_RESTART		CODE           	18F84	0000	9
		_I2C1_DO_TX_EMPTY		CODE           	17DC2	0000	127
		_I2C1_DO_SEND_RESTART_READ		CODE           	18F94	0000	9
		_I2C1_CallbackReturnStop		CODE           	18FE2	0000	5
		_I2C1_DO_RX    		CODE           	17860	0000	169
		_I2C1_DO_TX    		CODE           	171F6	0000	201
		_I2C1_DO_IDLE  		CODE           	18F50	0000	13
		_I2C1_DO_RCEN  		CODE           	18F44	0000	13
		_I2C1_MasterSendTxData		CODE           	18F9C	0000	9
		_I2C1_MasterStop		CODE           	18FE6	0000	5
		_I2C1_CallbackReturnReset		CODE           	18FDE	0000	5
		_I2C1_DO_RESET 		CODE           	18F38	0000	13
		_I2C1_MasterStartRx		CODE           	18FDA	0000	5
		_I2C1_DO_RX_ACK		CODE           	18F74	0000	9
		_I2C1_MasterSendNack		CODE           	18FB0	0000	7
		_I2C1_DO_RX_NACK_RESTART		CODE           	18F64	0000	9
		_I2C1_SetCallback		CODE           	17D3E	0000	133
		_I2C1_MasterEnableRestart		CODE           	18FEA	0000	5
		_I2C1_DO_ADDRESS_NACK		CODE           	18156	0000	109
		_I2C1_SetBuffer		CODE           	18DD0	0000	37
		_I2C1_DO_SEND_RESTART_WRITE		CODE           	18F8C	0000	9
		_I2C1_Initialize		CODE           	18E7A	0000	21
		_I2C1_MasterIsNack		CODE           	18E8E	0000	21
		_I2C1_DO_SEND_ADR_WRITE		CODE           	18EC4	0000	17
		_I2C1_MasterClearIrq		CODE           	18FCE	0000	5
		_I2C1_SetDataCompleteCallback		CODE           	18E32	0000	29
		_I2C1_DO_SEND_STOP		CODE           	18F7C	0000	9
		_I2C1_MasterSendAck		CODE           	18FAA	0000	7
		_I2C1_MasterFsm		CODE           	180EA	0000	109
		_I2C1_MasterIsr		CODE           	18FA4	0000	7
		_I2C1_MasterGetRxData		CODE           	18FD6	0000	5
		_I2C1_MasterSetIrq		CODE           	18FD2	0000	5
		_I2C1_DO_SEND_ADR_READ		CODE           	18ED4	0000	17
		_I2C1_DO_RX_NACK_STOP		CODE           	18F6C	0000	9

mcc_generated_files/i2c1_master.c estimated size: 1162

D:\install_soft\XC_Compiler\XC8\pic\sources\c99\common\isalpha.c
		_isalpha       		CODE           	188FC	0000	63

D:\install_soft\XC_Compiler\XC8\pic\sources\c99\common\isalpha.c estimated size: 63

I2C_BME280.c
		_BME280_loop   		CODE           	1308C	0000	1015
		_BME280_setup  		CODE           	18878	0000	67
		_BME280calibration_H		CODE           	123A6	0000	1147
		_BME280readData		CODE           	14BD2	0000	603
		_BME280readTrim		CODE           	13876	0000	929
		_BME280calibration_P		CODE           	1132C	0000	1805
		_BME280calibration_T		CODE           	1493A	0000	665
		_BME280writeReg		CODE           	18646	0000	75

I2C_BME280.c estimated size: 6306

D:\install_soft\XC_Compiler\XC8\pic\sources\c99\common\doprnt.c
		_vfpfcnvrt     		CODE           	10BBE	0000	1903
		_efgtoa        		CODE           	10000	0000	3007
		_pad           		CODE           	1712E	0000	201
		_vfprintf      		CODE           	18010	0000	111
		_xtoa          		CODE           	1465C	0000	735

D:\install_soft\XC_Compiler\XC8\pic\sources\c99\common\doprnt.c estimated size: 5957

D:\install_soft\XC_Compiler\XC8\pic\sources\c99\common\isspace.c
		_isspace       		CODE           	184B6	0000	85

D:\install_soft\XC_Compiler\XC8\pic\sources\c99\common\isspace.c estimated size: 85

mcc_generated_files/tmr2.c
		_TMR2_Initialize		CODE           	18EB4	0000	17
		_TMR2_StopTimer		CODE           	18FC6	0000	5
		_TMR2_StartTimer		CODE           	18FCA	0000	5

mcc_generated_files/tmr2.c estimated size: 27

mcc_generated_files/interrupt_manager.c
		_INTERRUPT_Initialize		CODE           	18FC2	0000	5
		_INTERRUPT_InterruptManager		CODE           	0008	0000	473

mcc_generated_files/interrupt_manager.c estimated size: 478

D:\install_soft\XC_Compiler\XC8\pic\sources\c99\common\nf_fputs.c
		_fputs         		CODE           	186D8	0000	73

D:\install_soft\XC_Compiler\XC8\pic\sources\c99\common\nf_fputs.c estimated size: 73

D:\install_soft\XC_Compiler\XC8\pic\sources\c99\common\Umul16.c
		___wmul        		CODE           	18D84	0000	41

D:\install_soft\XC_Compiler\XC8\pic\sources\c99\common\Umul16.c estimated size: 41

D:\install_soft\XC_Compiler\XC8\pic\sources\c99\common\awmod.c
		___awmod       		CODE           	174F8	0000	179

D:\install_soft\XC_Compiler\XC8\pic\sources\c99\common\awmod.c estimated size: 179

mcc_generated_files/pin_manager.c
		_PIN_MANAGER_Initialize		CODE           	18A5C	0000	55

mcc_generated_files/pin_manager.c estimated size: 55

D:\install_soft\XC_Compiler\XC8\pic\sources\c99\common\__lldiv.c
		___lldiv       		CODE           	17908	0000	167

D:\install_soft\XC_Compiler\XC8\pic\sources\c99\common\__lldiv.c estimated size: 167

skI2CLCDlib.c
		_LCD_Command   		CODE           	1855A	0000	81
		_LCD_Putc      		CODE           	1850A	0000	81
		_LCD_Puts      		CODE           	175AA	0000	177
		_LCD_SetCursor 		CODE           	18AF8	0000	49
		_LCD_Clear     		CODE           	18690	0000	73
		_Wait27us      		CODE           	18F5C	0000	9
		_LCD_Init_ST7032i		CODE           	16CDE	0000	239
		_LCD_CreateChar		CODE           	17AF4	0000	155

skI2CLCDlib.c estimated size: 864

D:\install_soft\XC_Compiler\XC8\pic\sources\c99\common\memcpy.c
		_memcpy        		CODE           	185AA	0000	81

D:\install_soft\XC_Compiler\XC8\pic\sources\c99\common\memcpy.c estimated size: 81

D:\install_soft\XC_Compiler\XC8\pic\sources\c99\common\isdigit.c
		_isdigit       		CODE           	18A22	0000	59

D:\install_soft\XC_Compiler\XC8\pic\sources\c99\common\isdigit.c estimated size: 59

D:\install_soft\XC_Compiler\XC8\pic\sources\c99\common\nf_sprintf.c
		_sprintf       		CODE           	183AA	0000	91

D:\install_soft\XC_Compiler\XC8\pic\sources\c99\common\nf_sprintf.c estimated size: 91

D:\install_soft\XC_Compiler\XC8\pic\sources\c99\common\sprcadd.c
		___flsub       		CODE           	18720	0000	73
		___fladd       		CODE           	11A38	0000	1219

D:\install_soft\XC_Compiler\XC8\pic\sources\c99\common\sprcadd.c estimated size: 1292

mcc_generated_files/usb/usb_device_cdc.c
		_CDCTxService  		CODE           	15432	0000	429
		_CDCInitEP     		CODE           	181C2	0000	101
		_putUSBUSART   		CODE           	18D06	0000	45
		_getsUSBUSART  		CODE           	17384	0000	189
		_USBCheckCDCRequest		CODE           	168E0	0000	263

mcc_generated_files/usb/usb_device_cdc.c estimated size: 1027

mcc_generated_files/drivers/i2c_simple_master.c
		_wr1RegCompleteHandler		CODE           	18C78	0000	49
		_wr2RegCompleteHandler		CODE           	18BE8	0000	49
		_rdBlkRegCompleteHandler		CODE           	18834	0000	69
		_rd1RegCompleteHandler		CODE           	18C48	0000	49
		_rd2RegCompleteHandler		CODE           	18C18	0000	49

mcc_generated_files/drivers/i2c_simple_master.c estimated size: 265

D:\install_soft\XC_Compiler\XC8\pic\sources\c99\common\flge.c
		___flge        		CODE           	166D4	0000	263

D:\install_soft\XC_Compiler\XC8\pic\sources\c99\common\flge.c estimated size: 263

IR_Remocon.c
		_IR_RemoteControl_Send		CODE           	1430C	0000	849

IR_Remocon.c estimated size: 849

D:\install_soft\XC_Compiler\XC8\pic\sources\c99\common\Umul32.c
		___lmul        		CODE           	1807E	0000	109

D:\install_soft\XC_Compiler\XC8\pic\sources\c99\common\Umul32.c estimated size: 109

shared
		_IR_Data_Power 		MEDIUMCONST    	FF2A	0000	7
		_configDescriptor1		MEDIUMCONST    	FE8F	0000	68
		_USB_CD_Ptr    		MEDIUMCONST    	FE8D	0000	3
		_sd001         		MEDIUMCONST    	FED2	0000	53
		_sd002         		MEDIUMCONST    	FF06	0000	19
		i2_USBDeviceInit		CODE           	15D3E	0000	339
		__initialization		CODE           	17F9E	0000	105
		_device_dsc    		MEDIUMCONST    	FF18	0000	19
		_i2c1_fsmStateTable		MEDIUMCONST    	FE39	0000	49
		_USB_SD_Ptr    		MEDIUMCONST    	FE87	0000	7
		i2_memset      		CODE           	158FE	0000	375
		_IR_Data_Ch1   		MEDIUMCONST    	FE81	0000	7
		_IR_Data_Ch2   		MEDIUMCONST    	FE7B	0000	7
		_IR_Data_Ch3   		MEDIUMCONST    	FE75	0000	7
		_IR_Data_Ch4   		MEDIUMCONST    	FE6F	0000	7
		_IR_Data_Ch5   		MEDIUMCONST    	FE69	0000	7
		_sd000         		MEDIUMCONST    	FF30	0000	5
		i2_USBTransferOnePacket		CODE           	1625E	0000	319

shared estimated size: 1403

mcc_generated_files/eusart1.c
		_EUSART1_SetRxInterruptHandler		CODE           	18EF2	0000	15
		_EUSART1_SetTxInterruptHandler		CODE           	18EE4	0000	15
		_EUSART1_is_rx_ready		CODE           	18E4E	0000	25
		_EUSART1_Initialize		CODE           	17B8E	0000	153
		_putch         		CODE           	18F2A	0000	15
		_EUSART1_DefaultErrorHandler		CODE           	18FBC	0000	7
		_EUSART1_SetFramingErrorHandler		CODE           	18F0E	0000	15
		_EUSART1_Read  		CODE           	1845E	0000	89
		_EUSART1_SetOverrunErrorHandler		CODE           	18F00	0000	15
		_EUSART1_SetErrorHandler		CODE           	18F1C	0000	15
		_EUSART1_Write 		CODE           	18404	0000	91
		_EUSART1_Receive_ISR		CODE           	17062	0000	205
		_EUSART1_RxDataHandler		CODE           	18CD8	0000	47
		_EUSART1_DefaultOverrunErrorHandler		CODE           	18FB6	0000	7
		_EUSART1_Transmit_ISR		CODE           	188BA	0000	67
		_EUSART1_DefaultFramingErrorHandler		CODE           	18FEE	0000	3

mcc_generated_files/eusart1.c estimated size: 784

mcc_generated_files/usb/usb_device_events.c
		_USER_USB_CALLBACK_EVENT_HANDLER		CODE           	17CB6	0000	137

mcc_generated_files/usb/usb_device_events.c estimated size: 137

D:\install_soft\XC_Compiler\XC8\pic\sources\c99\common\awdiv.c
		___awdiv       		CODE           	172BE	0000	199

D:\install_soft\XC_Compiler\XC8\pic\sources\c99\common\awdiv.c estimated size: 199

mcc_generated_files/mcc.c
		_OSCILLATOR_Initialize		CODE           	18E66	0000	21
		_SYSTEM_Initialize		CODE           	18D32	0000	43

mcc_generated_files/mcc.c estimated size: 64

D:\install_soft\XC_Compiler\XC8\pic\sources\c99\common\printf.c
		_printf        		CODE           	18D5C	0000	41

D:\install_soft\XC_Compiler\XC8\pic\sources\c99\common\printf.c estimated size: 41

D:\install_soft\XC_Compiler\XC8\pic\sources\c99\common\fltol.c
		___fltol       		CODE           	165CC	0000	265

D:\install_soft\XC_Compiler\XC8\pic\sources\c99\common\fltol.c estimated size: 265

D:\install_soft\XC_Compiler\XC8\pic\sources\c99\common\nf_fputc.c
		_fputc         		CODE           	16F96	0000	205

D:\install_soft\XC_Compiler\XC8\pic\sources\c99\common\nf_fputc.c estimated size: 205

mcc_generated_files/tmr1.c
		_TMR1_Initialize		CODE           	18AC6	0000	51

mcc_generated_files/tmr1.c estimated size: 51

mcc_generated_files/epwm1.c
		_EPWM1_Initialize		CODE           	18DF4	0000	33

mcc_generated_files/epwm1.c estimated size: 33

D:\install_soft\XC_Compiler\XC8\pic\sources\c99\common\floorf.c
		_floorf        		CODE           	15064	0000	535

D:\install_soft\XC_Compiler\XC8\pic\sources\c99\common\floorf.c estimated size: 535

skI2Clib.c
		_I2C_IdleCheck 		CODE           	18DAC	0000	37
		_I2C_Stop      		CODE           	18EA2	0000	19
		_I2C_Send      		CODE           	17EB6	0000	117
		_I2C_Start     		CODE           	179AE	0000	165
		_I2C_rStart    		CODE           	17A52	0000	163
		_I2C_Receive   		CODE           	17F2A	0000	117

skI2Clib.c estimated size: 618

D:\install_soft\XC_Compiler\XC8\pic\sources\c99\common\isupper.c
		_isupper       		CODE           	18974	0000	59

D:\install_soft\XC_Compiler\XC8\pic\sources\c99\common\isupper.c estimated size: 59

D:\install_soft\XC_Compiler\XC8\pic\sources\c99\common\xxtofl.c
		___xxtofl      		CODE           	1527A	0000	441

D:\install_soft\XC_Compiler\XC8\pic\sources\c99\common\xxtofl.c estimated size: 441

main.c
		_main          		CODE           	12820	0000	1089

main.c estimated size: 1089

D:\install_soft\XC_Compiler\XC8\pic\sources\c99\common\__fpclassifyf.c
		___fpclassifyf 		CODE           	16AEC	0000	257

D:\install_soft\XC_Compiler\XC8\pic\sources\c99\common\__fpclassifyf.c estimated size: 257

mcc_generated_files/usb/usb_device.c
		_USBCtrlTrfInHandler		CODE           	169E6	0000	263
		_USBTransferOnePacket		CODE           	15FDA	0000	323
		_USBDeviceAttach		CODE           	18768	0000	69
		_USBStdGetDscHandler		CODE           	15A74	0000	371
		_USBCtrlEPAllowDataStage		CODE           	1765A	0000	175
		_USBStdFeatureReqHandler		CODE           	13FB2	0000	859
		_USBCtrlEPAllowStatusStage		CODE           	16BEC	0000	243
		_USBCtrlTrfSetupHandler		CODE           	17C26	0000	145
		_USBCtrlTrfOutHandler		CODE           	17E40	0000	119
		_USBCtrlEPServiceComplete		CODE           	15E90	0000	331
		_USBSuspend    		CODE           	18B28	0000	49
		_USBStdSetCfgHandler		CODE           	16DCC	0000	231
		_USBStdGetStatusHandler		CODE           	167DA	0000	263
		_USBWakeFromSuspend		CODE           	187AC	0000	69
		_USBCtrlTrfRxService		CODE           	1611C	0000	323
		_USBCtrlTrfTxService		CODE           	164B8	0000	277
		_USBEnableEndpoint		CODE           	185FA	0000	77
		_USBConfigureEndpoint		CODE           	177B4	0000	173
		_USBDeviceInit 		CODE           	15BE6	0000	345
		_USBIncrement1msInternalTimers		CODE           	18A92	0000	53
		_USBCtrlEPService		CODE           	17440	0000	185
		_USBStallHandler		CODE           	18288	0000	99
		_USBDeviceTasks		CODE           	14E2C	0000	569
		_USBCheckStdRequest		CODE           	1639C	0000	285

mcc_generated_files/usb/usb_device.c estimated size: 5896

D:\install_soft\XC_Compiler\XC8\pic\sources\c99\common\strlen.c
		_strlen        		CODE           	189AE	0000	59

D:\install_soft\XC_Compiler\XC8\pic\sources\c99\common\strlen.c estimated size: 59

