Microchip MPLAB XC8 Compiler V2.20

Linker command line:

-W-3 --edf=D:\install_soft\XC_Compiler\XC8\pic\dat\en_msgs.txt -cn \
  -h+dist/default/production\18F27J53_I2C.X.production.sym \
  --cmf=dist/default/production\18F27J53_I2C.X.production.cmf -z -Q18F27J53 \
  -oC:\Users\yukat\AppData\Local\Temp\se7o.2 --defsym=__MPLAB_BUILD=1 \
  -Mdist/default/production/18F27J53_I2C.X.production.map -E1 \
  -ver=XC8 Compiler --acfsm=1493 -ASTACK=0480h-0CFFh -pstack=STACK \
  -ACODE=00h-01FFF7h -ACONST=00h-01FFF7h \
  -ASMALLCONST=0F00h-0FFFhx496,01FF00h-01FFF7h \
  -AMEDIUMCONST=0F00h-0FFFFh,010F00h-01FFF7h -ACOMRAM=01h-05Fh \
  -AABS1=00h-0EAFh -ABIGRAM=01h-0EAFh \
  -ARAM=060h-0FFh,0100h-01FFhx13,0E00h-0EAFh -ABANK0=060h-0FFh \
  -ABANK1=0100h-01FFh -ABANK2=0200h-02FFh -ABANK3=0300h-03FFh \
  -ABANK4=0400h-04FFh -ABANK5=0500h-05FFh -ABANK6=0600h-06FFh \
  -ABANK7=0700h-07FFh -ABANK8=0800h-08FFh -ABANK9=0900h-09FFh \
  -ABANK10=0A00h-0AFFh -ABANK11=0B00h-0BFFh -ABANK12=0C00h-0CFFh \
  -ABANK13=0D00h-0DFFh -ABANK14=0E00h-0EAFh \
  -ASFR=0EB0h-0EFFh,0F00h-0F5Fh,0F60h-0FFFh -ACONFIG=01FFF8h-01FFFFh \
  -preset_vec=00h,intcode=08h,intcodelo,powerup,init -pramtop=0F00h \
  -psmallconst=SMALLCONST -pmediumconst=MEDIUMCONST -pconst=CONST \
  -AFARRAM=00h-00h -pjflash_buffer=01F800h \
  -prdata=COMRAM,nvrram=COMRAM,nvbit=COMRAM,rbss=COMRAM,rbit=COMRAM \
  -pfarbss=FARRAM,fardata=FARRAM,nvFARRAM=FARRAM \
  -pintsave_regs=BIGRAM,bigbss=BIGRAM,bigdata=BIGRAM -pbss=RAM \
  -pidata=CODE,irdata=CODE,ibigdata=CODE,ifardata=CODE -prparam=COMRAM \
  C:\Users\yukat\AppData\Local\Temp\se7o.o \
  dist/default/production\18F27J53_I2C.X.production.o 

Object code version is 3.11

Machine type is 18F27J53



                Name                               Link     Load   Length Selector   Space Scale
C:\Users\yukat\AppData\Local\Temp\se7o.o
                config                            1FFF8    1FFF8        8        0       4
                init                                1E0      1E0        4        4       0
                reset_vec                             0        0        4        0       0
dist/default/production\18F27J53_I2C.X.production.o
                intcode                               8        8      1D8        4       0
                config                            1FFF8    1FFF8        8        0       4
                temp                                 5C       5C        1        1       1
                mediumconst                        FDEA     FDEA      216     7EF5       0
                text169                           19062    19062       2E     8000       0
                text168                           19348    19348        6     8000       0
                text167                           19382    19382        2     8000       0
                text166                           19342    19342        6     8000       0
                text165                           173EC    173EC       CC     8000       0
                text164                           18C44    18C44       42     8000       0
                text163                           1937E    1937E        4     8000       0
                text162                           1937A    1937A        4     8000       0
                text161                           1915C    1915C       24     8000       0
                text160                           180C8    180C8       84     8000       0
                text159                           191BE    191BE       1C     8000       0
                text158                           19032    19032       30     8000       0
                text157                           19002    19002       30     8000       0
                text156                           18FD2    18FD2       30     8000       0
                text155                           18FA2    18FA2       30     8000       0
                text154                           18F72    18F72       30     8000       0
                text153                           18BBE    18BBE       44     8000       0
                text152                           18F42    18F42       30     8000       0
                text151                           18F12    18F12       30     8000       0
                text150                           18EE2    18EE2       30     8000       0
                text149                           18B7A    18B7A       44     8000       0
                text148                           19376    19376        4     8000       0
                text147                           19372    19372        4     8000       0
                text146                           1936E    1936E        4     8000       0
                text145                           1933C    1933C        6     8000       0
                text144                           1936A    1936A        4     8000       0
                text143                           19336    19336        6     8000       0
                text142                           19328    19328        8     8000       0
                text141                           1921A    1921A       14     8000       0
                text140                           19366    19366        4     8000       0
                text139                           1814C    1814C       7E     8000       0
                text138                           192DC    192DC        C     8000       0
                text137                           19260    19260       10     8000       0
                text136                           19250    19250       10     8000       0
                text135                           17580    17580       C8     8000       0
                text134                           17BEA    17BEA       A8     8000       0
                text133                           192D0    192D0        C     8000       0
                text132                           19320    19320        8     8000       0
                text131                           19318    19318        8     8000       0
                text130                           19310    19310        8     8000       0
                text129                           19308    19308        8     8000       0
                text128                           19300    19300        8     8000       0
                text127                           192F8    192F8        8     8000       0
                text126                           192F0    192F0        8     8000       0
                text125                           192C4    192C4        C     8000       0
                text124                           184E0    184E0       6C     8000       0
                text123                           19362    19362        4     8000       0
                text122                           18474    18474       6C     8000       0
                text121                           19330    19330        6     8000       0
                text120                           16842    16842      114     8000       0
                text119                           16D70    16D70      106     8000       0
                text118                           16F76    16F76       F2     8000       0
                text117                           164A6    164A6      142     8000       0
                text116                           181CA    181CA       76     8000       0
                text115                           17B3E    17B3E       AC     8000       0
                text114                           18984    18984       4C     8000       0
                text113                           165E8    165E8      13E     8000       0
                text112                           1854C    1854C       64     8000       0
                text111                           16C6A    16C6A      106     8000       0
                text110                           18040    18040       88     8000       0
                text109                           1433C    1433C      35A     8000       0
                text108                           15DFE    15DFE      172     8000       0
                text107                           16B64    16B64      106     8000       0
                text106                           15C88    15C88      176     8000       0
                text105                           17156    17156       E6     8000       0
                text104                           16726    16726      11C     8000       0
                text103                           179E4    179E4       AE     8000       0
                text102                           1621A    1621A      14A     8000       0
                text101                           17FB0    17FB0       90     8000       0
                text100                           18934    18934       50     8000       0
                text99                            177CA    177CA       B8     8000       0
                text98                            18E1C    18E1C       34     8000       0
                text97                            18612    18612       62     8000       0
                text96                            18EB2    18EB2       30     8000       0
                text95                            18B36    18B36       44     8000       0
                text94                            160C8    160C8      152     8000       0
                text93                            151B6    151B6      238     8000       0
                text91                            18408    18408       6C     8000       0
                text90                            123A6    123A6      47A     8000       0
                text89                            17C92    17C92       A6     8000       0
                text88                            1132C    1132C      70C     8000       0
                text87                            14CC4    14CC4      298     8000       0
                text86                            19138    19138       24     8000       0
                text85                            182B4    182B4       74     8000       0
                text84                            18240    18240       74     8000       0
                text83                            17D38    17D38       A4     8000       0
                text82                            1922E    1922E       12     8000       0
                text81                            17DDC    17DDC       A2     8000       0
                text80                            14F5C    14F5C      25A     8000       0
                text79                            17934    17934       B0     8000       0
                text78                            188E4    188E4       50     8000       0
                text77                            18E82    18E82       30     8000       0
                text76                            15604    15604      1B8     8000       0
                text75                            19110    19110       28     8000       0
                text74                            18DAC    18DAC       3A     8000       0
                text73                            18840    18840       54     8000       0
                text72                            15968    15968      1A8     8000       0
                text71                            17648    17648       C6     8000       0
                text70                            17882    17882       B2     8000       0
                text69                            13C1E    13C1E      39C     8000       0
                text68                            17A92    17A92       AC     8000       0
                text67                            16A5E    16A5E      106     8000       0
                text66                            12C68    12C68      42C     8000       0
                text65                            18D72    18D72       3A     8000       0
                text64                            11A38    11A38      4C2     8000       0
                text63                            18AAA    18AAA       48     8000       0
                text62                            16956    16956      108     8000       0
                text61                            16E76    16E76      100     8000       0
                text60                            153EE    153EE      216     8000       0
                text59                            1878E    1878E       5A     8000       0
                text58                            192B6    192B6        E     8000       0
                text57                            17320    17320       CC     8000       0
                text56                            18A62    18A62       48     8000       0
                text55                            18D38    18D38       3A     8000       0
                text54                            174B8    174B8       C8     8000       0
                text53                            186D4    186D4       60     8000       0
                text52                            18CFE    18CFE       3A     8000       0
                text51                            185B0    185B0       62     8000       0
                text50                            10000    10000      BBE     8000       0
                text49                            1723C    1723C       E4     8000       0
                text48                            18C86    18C86       3E     8000       0
                text47                            18CC4    18CC4       3A     8000       0
                text46                            18674    18674       60     8000       0
                text45                            149E6    149E6      2DE     8000       0
                text44                            10BBE    10BBE      76E     8000       0
                text43                            1839A    1839A       6E     8000       0
                text42                            190E6    190E6       2A     8000       0
                text41                            18734    18734       5A     8000       0
                text40                            13094    13094      3F6     8000       0
                text39                            1387E    1387E      3A0     8000       0
                text38                            189D0    189D0       4A     8000       0
                text37                            18C02    18C02       42     8000       0
                text36                            16364    16364      142     8000       0
                text35                            157BC    157BC      1AC     8000       0
                text34                            18A1A    18A1A       48     8000       0
                text33                            1348A    1348A      3F4     8000       0
                text32                            11EFA    11EFA      4AC     8000       0
                text31                            187E8    187E8       58     8000       0
                text30                            191DA    191DA       18     8000       0
                text29                            1935E    1935E        4     8000       0
                text28                            1935A    1935A        4     8000       0
                text27                            13FBA    13FBA      382     8000       0
                text26                            19356    19356        4     8000       0
                text25                            19352    19352        4     8000       0
                text24                            14696    14696      350     8000       0
                text23                            192E8    192E8        8     8000       0
                text22                            17E7E    17E7E       9A     8000       0
                text21                            17068    17068       EE     8000       0
                text20                            18894    18894       50     8000       0
                text19                            19180    19180       20     8000       0
                text18                            192A8    192A8        E     8000       0
                text17                            1929A    1929A        E     8000       0
                text16                            1928C    1928C        E     8000       0
                text15                            1927E    1927E        E     8000       0
                text14                            19270    19270        E     8000       0
                text13                            17F18    17F18       98     8000       0
                text12                            19206    19206       14     8000       0
                text11                            1934E    1934E        4     8000       0
                text10                            191F2    191F2       14     8000       0
                text9                             18DE6    18DE6       36     8000       0
                text8                             18E50    18E50       32     8000       0
                text7                             19240    19240       10     8000       0
                text6                             18AF2    18AF2       44     8000       0
                text5                             15B10    15B10      178     8000       0
                text4                             15F70    15F70      158     8000       0
                text3                             190BC    190BC       2A     8000       0
                text2                             1770E    1770E       BC     8000       0
                text1                             19090    19090       2C     8000       0
                text0                             12820    12820      448     8000       0
                cstackCOMRAM                         2F       2F       2D        1       1
                cstackBANK0                          60       60       9F       60       1
                cstackBANK1                         195      195       6A      100       1
                bssBANK4                            400      400       80      400       1
                bssBANK3                            300      300      100      300       1
                dataBANK2                           2AF      2AF       1E      200       1
                bssBANK2                            200      200       AF      200       1
                bssBANK1                            100      100       95      100       1
                bssBANK0                             FF       FF        1       60       1
                bssCOMRAM                             1        1       2E        1       1
                cinit                             18328    18328       72     8000       0
                idataBANK2                        191A0    191A0       1E     8000       0

TOTAL           Name                               Link     Load   Length     Space
        CLASS   STACK          

        CLASS   CODE           
                intcode                               8        8      1D8         0
                init                                1E0      1E0        4         0
                reset_vec                             0        0        4         0
                text169                           19062    19062       2E         0
                text168                           19348    19348        6         0
                text167                           19382    19382        2         0
                text166                           19342    19342        6         0
                text165                           173EC    173EC       CC         0
                text164                           18C44    18C44       42         0
                text163                           1937E    1937E        4         0
                text162                           1937A    1937A        4         0
                text161                           1915C    1915C       24         0
                text160                           180C8    180C8       84         0
                text159                           191BE    191BE       1C         0
                text158                           19032    19032       30         0
                text157                           19002    19002       30         0
                text156                           18FD2    18FD2       30         0
                text155                           18FA2    18FA2       30         0
                text154                           18F72    18F72       30         0
                text153                           18BBE    18BBE       44         0
                text152                           18F42    18F42       30         0
                text151                           18F12    18F12       30         0
                text150                           18EE2    18EE2       30         0
                text149                           18B7A    18B7A       44         0
                text148                           19376    19376        4         0
                text147                           19372    19372        4         0
                text146                           1936E    1936E        4         0
                text145                           1933C    1933C        6         0
                text144                           1936A    1936A        4         0
                text143                           19336    19336        6         0
                text142                           19328    19328        8         0
                text141                           1921A    1921A       14         0
                text140                           19366    19366        4         0
                text139                           1814C    1814C       7E         0
                text138                           192DC    192DC        C         0
                text137                           19260    19260       10         0
                text136                           19250    19250       10         0
                text135                           17580    17580       C8         0
                text134                           17BEA    17BEA       A8         0
                text133                           192D0    192D0        C         0
                text132                           19320    19320        8         0
                text131                           19318    19318        8         0
                text130                           19310    19310        8         0
                text129                           19308    19308        8         0
                text128                           19300    19300        8         0
                text127                           192F8    192F8        8         0
                text126                           192F0    192F0        8         0
                text125                           192C4    192C4        C         0
                text124                           184E0    184E0       6C         0
                text123                           19362    19362        4         0
                text122                           18474    18474       6C         0
                text121                           19330    19330        6         0
                text120                           16842    16842      114         0
                text119                           16D70    16D70      106         0
                text118                           16F76    16F76       F2         0
                text117                           164A6    164A6      142         0
                text116                           181CA    181CA       76         0
                text115                           17B3E    17B3E       AC         0
                text114                           18984    18984       4C         0
                text113                           165E8    165E8      13E         0
                text112                           1854C    1854C       64         0
                text111                           16C6A    16C6A      106         0
                text110                           18040    18040       88         0
                text109                           1433C    1433C      35A         0
                text108                           15DFE    15DFE      172         0
                text107                           16B64    16B64      106         0
                text106                           15C88    15C88      176         0
                text105                           17156    17156       E6         0
                text104                           16726    16726      11C         0
                text103                           179E4    179E4       AE         0
                text102                           1621A    1621A      14A         0
                text101                           17FB0    17FB0       90         0
                text100                           18934    18934       50         0
                text99                            177CA    177CA       B8         0
                text98                            18E1C    18E1C       34         0
                text97                            18612    18612       62         0
                text96                            18EB2    18EB2       30         0
                text95                            18B36    18B36       44         0
                text94                            160C8    160C8      152         0
                text93                            151B6    151B6      238         0
                text91                            18408    18408       6C         0
                text90                            123A6    123A6      47A         0
                text89                            17C92    17C92       A6         0
                text88                            1132C    1132C      70C         0
                text87                            14CC4    14CC4      298         0
                text86                            19138    19138       24         0
                text85                            182B4    182B4       74         0
                text84                            18240    18240       74         0
                text83                            17D38    17D38       A4         0
                text82                            1922E    1922E       12         0
                text81                            17DDC    17DDC       A2         0
                text80                            14F5C    14F5C      25A         0
                text79                            17934    17934       B0         0
                text78                            188E4    188E4       50         0
                text77                            18E82    18E82       30         0
                text76                            15604    15604      1B8         0
                text75                            19110    19110       28         0
                text74                            18DAC    18DAC       3A         0
                text73                            18840    18840       54         0
                text72                            15968    15968      1A8         0
                text71                            17648    17648       C6         0
                text70                            17882    17882       B2         0
                text69                            13C1E    13C1E      39C         0
                text68                            17A92    17A92       AC         0
                text67                            16A5E    16A5E      106         0
                text66                            12C68    12C68      42C         0
                text65                            18D72    18D72       3A         0
                text64                            11A38    11A38      4C2         0
                text63                            18AAA    18AAA       48         0
                text62                            16956    16956      108         0
                text61                            16E76    16E76      100         0
                text60                            153EE    153EE      216         0
                text59                            1878E    1878E       5A         0
                text58                            192B6    192B6        E         0
                text57                            17320    17320       CC         0
                text56                            18A62    18A62       48         0
                text55                            18D38    18D38       3A         0
                text54                            174B8    174B8       C8         0
                text53                            186D4    186D4       60         0
                text52                            18CFE    18CFE       3A         0
                text51                            185B0    185B0       62         0
                text50                            10000    10000      BBE         0
                text49                            1723C    1723C       E4         0
                text48                            18C86    18C86       3E         0
                text47                            18CC4    18CC4       3A         0
                text46                            18674    18674       60         0
                text45                            149E6    149E6      2DE         0
                text44                            10BBE    10BBE      76E         0
                text43                            1839A    1839A       6E         0
                text42                            190E6    190E6       2A         0
                text41                            18734    18734       5A         0
                text40                            13094    13094      3F6         0
                text39                            1387E    1387E      3A0         0
                text38                            189D0    189D0       4A         0
                text37                            18C02    18C02       42         0
                text36                            16364    16364      142         0
                text35                            157BC    157BC      1AC         0
                text34                            18A1A    18A1A       48         0
                text33                            1348A    1348A      3F4         0
                text32                            11EFA    11EFA      4AC         0
                text31                            187E8    187E8       58         0
                text30                            191DA    191DA       18         0
                text29                            1935E    1935E        4         0
                text28                            1935A    1935A        4         0
                text27                            13FBA    13FBA      382         0
                text26                            19356    19356        4         0
                text25                            19352    19352        4         0
                text24                            14696    14696      350         0
                text23                            192E8    192E8        8         0
                text22                            17E7E    17E7E       9A         0
                text21                            17068    17068       EE         0
                text20                            18894    18894       50         0
                text19                            19180    19180       20         0
                text18                            192A8    192A8        E         0
                text17                            1929A    1929A        E         0
                text16                            1928C    1928C        E         0
                text15                            1927E    1927E        E         0
                text14                            19270    19270        E         0
                text13                            17F18    17F18       98         0
                text12                            19206    19206       14         0
                text11                            1934E    1934E        4         0
                text10                            191F2    191F2       14         0
                text9                             18DE6    18DE6       36         0
                text8                             18E50    18E50       32         0
                text7                             19240    19240       10         0
                text6                             18AF2    18AF2       44         0
                text5                             15B10    15B10      178         0
                text4                             15F70    15F70      158         0
                text3                             190BC    190BC       2A         0
                text2                             1770E    1770E       BC         0
                text1                             19090    19090       2C         0
                text0                             12820    12820      448         0
                cinit                             18328    18328       72         0
                idataBANK2                        191A0    191A0       1E         0

        CLASS   CONST          

        CLASS   SMALLCONST     

        CLASS   MEDIUMCONST    
                mediumconst                        FDEA     FDEA      216         0

        CLASS   COMRAM         
                temp                                 5C       5C        1         1
                cstackCOMRAM                         2F       2F       2D         1
                bssCOMRAM                             1        1       2E         1

        CLASS   ABS1           
                abs_s1                              D00      D00       40         1

        CLASS   BIGRAM         

        CLASS   RAM            

        CLASS   BANK0          
                cstackBANK0                          60       60       9F         1
                bssBANK0                             FF       FF        1         1

        CLASS   BANK1          
                cstackBANK1                         195      195       6A         1
                bssBANK1                            100      100       95         1

        CLASS   BANK2          
                dataBANK2                           2AF      2AF       1E         1
                bssBANK2                            200      200       AF         1

        CLASS   BANK3          
                bssBANK3                            300      300      100         1

        CLASS   BANK4          
                bssBANK4                            400      400       80         1

        CLASS   BANK5          

        CLASS   BANK6          

        CLASS   BANK7          

        CLASS   BANK8          

        CLASS   BANK9          

        CLASS   BANK10         

        CLASS   BANK11         

        CLASS   BANK12         

        CLASS   BANK13         

        CLASS   BANK14         

        CLASS   SFR            

        CLASS   CONFIG         
                config                            1FFF8    1FFF8        8         4

        CLASS   FARRAM         

        CLASS   IDLOC          



SEGMENTS        Name                           Load    Length   Top    Selector   Space  Class

                reset_vec                      000000  000004  000004         0       0  CODE    
                bssCOMRAM                      000001  00005C  00005D         1       1  COMRAM  
                intcode                        000008  0001DC  0001E4         4       0  CODE    
                cstackBANK0                    000060  0000A0  000100        60       1  BANK0   
                bssBANK1                       000100  0000FF  0001FF       100       1  BANK1   
                bssBANK2                       000200  0000CD  0002CD       200       1  BANK2   
                bssBANK3                       000300  000100  000400       300       1  BANK3   
                bssBANK4                       000400  000080  000480       400       1  BANK4   
                mediumconst                    00FDEA  000216  010000      7EF5       0  MEDIUMCO
                text50                         010000  009384  019384      8000       0  CODE    


UNUSED ADDRESS RANGES

        Name                Unused          Largest block    Delta
        BANK1            001FF-001FF               1
        BANK10           00A00-00AFF             100
        BANK11           00B00-00BFF             100
        BANK12           00C00-00CFF             100
        BANK13           00D40-00DFF              C0
        BANK14           00E00-00EAF              B0
        BANK2            002CD-002FF              33
        BANK4            00480-004FF              80
        BANK5            00500-005FF             100
        BANK6            00600-006FF             100
        BANK7            00700-007FF             100
        BANK8            00800-008FF             100
        BANK9            00900-009FF             100
        BIGRAM           0005D-0005F               3
                         001FF-001FF               1
                         002CD-002FF              33
                         00480-00CFF             880
                         00D40-00EAF             170
        CODE             00004-00007               4
                         001E4-0FDE9            FC06
                         19384-1FFF7            6C74
        COMRAM           0005D-0005F               3
        CONST            00004-00007               4
                         001E4-0FDE9            FC06
                         19384-1FFF7            6C74
        MEDIUMCONST      00F00-0FDE9            EEEA
                         19384-1FFF7            6C74
        RAM              001FF-001FF               1
                         002CD-002FF              33
                         00480-00CFF             100
                         00D40-00EAF              C0
        SFR              00EB0-00FFF              60
        SMALLCONST       00F00-0FDE9             100
                         19384-1FFF7             100
        STACK            00480-00CFF             880

                                  Symbol Table

?_BME280calibration_H                                      cstackBANK0   0006C
?_BME280calibration_P                                      cstackBANK0   0006D
?_BME280calibration_T                                      cstackBANK0   0006C
?_I2C_Receive                                              cstackBANK0   00062
?_I2C_Start                                                cstackBANK0   00062
?_I2C_rStart                                               cstackBANK0   00062
?_USBTransferOnePacket                                     cstackBANK0   00060
?___awdiv                                                  cstackBANK0   00060
?___awmod                                                  cstackBANK0   00060
?___fladd                                                  cstackBANK0   00079
?___fldiv                                                  cstackBANK0   0006E
?___flmul                                                  cstackBANK0   00060
?___flneg                                                  cstackBANK0   00060
?___flsub                                                  cstackBANK0   00089
?___fltol                                                  cstackBANK0   00060
?___fpclassifyf                                            cstackBANK0   00060
?___lldiv                                                  cstackBANK0   00060
?___lmul                                                   cstackBANK0   00060
?___wmul                                                   cstackBANK0   00060
?___xxtofl                                                 cstackBANK0   00060
?_atoi                                                     cstackBANK0   00067
?_efgtoa                                                   cstackBANK0   0009B
?_floorf                                                   cstackBANK0   00087
?_isalpha                                                  cstackBANK0   00060
?_isdigit                                                  cstackBANK0   00060
?_islower                                                  cstackBANK0   00060
?_isspace                                                  cstackBANK0   00060
?_isupper                                                  cstackBANK0   00060
?_pad                                                      cstackBANK0   00072
?_printf                                                   cstackBANK0   000F1
?_sprintf                                                  cstackBANK0   000F1
?_strlen                                                   cstackBANK0   00060
?_strncmp                                                  cstackBANK0   00060
?_tolower                                                  cstackBANK0   00066
?_toupper                                                  cstackBANK0   00066
?_vfpfcnvrt                                                cstackBANK0   000DF
?_vfprintf                                                 cstackBANK0   000E9
?_xtoa                                                     cstackBANK0   0007D
?i2_USBTransferOnePacket                                   cstackCOMRAM  0002F
BME280_loop@DI                                             cstackBANK1   001E5
BME280_loop@buf                                            cstackBANK1   001B9
BME280_loop@hum_act                                        cstackBANK1   001E9
BME280_loop@hum_cal                                        cstackBANK1   001D1
BME280_loop@press_act                                      cstackBANK1   001E1
BME280_loop@press_cal                                      cstackBANK1   001CD
BME280_loop@temp_act                                       cstackBANK1   001ED
BME280_loop@temp_cal                                       cstackBANK1   001C9
BME280_setup@filter                                        cstackBANK0   00094
BME280_setup@mode                                          cstackBANK0   00092
BME280_setup@osrs_h                                        cstackBANK0   00091
BME280_setup@osrs_p                                        cstackBANK0   00090
BME280_setup@spi3w_en                                      cstackBANK0   00095
BME280_setup@t_sb                                          cstackBANK0   00093
BME280calibration_H@adc_H                                  cstackBANK0   0006C
BME280calibration_H@v_x1                                   cstackBANK0   00099
BME280calibration_P@P                                      cstackBANK0   00086
BME280calibration_P@adc_P                                  cstackBANK0   0006D
BME280calibration_P@var1                                   cstackBANK0   0008A
BME280calibration_P@var2                                   cstackBANK0   00082
BME280calibration_T@T                                      cstackBANK0   0008B
BME280calibration_T@adc_T                                  cstackBANK0   0006C
BME280calibration_T@var1                                   cstackBANK0   00083
BME280calibration_T@var2                                   cstackBANK0   00087
BME280readData@ans                                         cstackBANK0   00099
BME280readData@data                                        cstackBANK0   00079
BME280readData@i_4957                                      cstackBANK0   0009B
BME280readTrim@ans                                         cstackBANK0   0008D
BME280readTrim@data                                        cstackBANK0   0006B
BME280readTrim@i_4947                                      cstackBANK0   0008B
BME280readTrim@i_4948                                      cstackBANK0   0008C
BME280writeReg@ans                                         cstackBANK0   00069
BME280writeReg@data                                        cstackBANK0   00067
BME280writeReg@reg_address                                 cstackBANK0   00068
CDCTxService@byte_to_send                                  cstackBANK0   0006C
CDCTxService@i                                             cstackBANK0   0006B
Color_Read@ans                                             cstackBANK1   001CB
Color_Read@buf                                             cstackBANK1   001BB
Color_Read@i                                               cstackBANK1   001CD
Color_init@ans                                             cstackBANK1   001CB
Color_init@buf                                             cstackBANK1   001BB
Color_init@i                                               cstackBANK1   001CD
EUSART1_Read@readValue                                     cstackBANK0   00060
EUSART1_SetErrorHandler@interruptHandler                   cstackBANK0   00060
EUSART1_SetFramingErrorHandler@interruptHandler            cstackBANK0   00060
EUSART1_SetOverrunErrorHandler@interruptHandler            cstackBANK0   00060
EUSART1_SetRxInterruptHandler@interruptHandler             cstackBANK0   00060
EUSART1_SetTxInterruptHandler@interruptHandler             cstackBANK0   00060
EUSART1_Write@txData                                       cstackBANK0   00060
I2C1_CallbackReturnReset@funPtr                            cstackCOMRAM  0003A
I2C1_MasterSendTxData@data                                 cstackCOMRAM  0002F
I2C1_SetBuffer@buffer                                      cstackCOMRAM  0002F
I2C1_SetBuffer@bufferSize                                  cstackCOMRAM  00031
I2C1_SetCallback@cb                                        cstackCOMRAM  0002F
I2C1_SetCallback@idx                                       cstackCOMRAM  00034
I2C1_SetCallback@ptr                                       cstackCOMRAM  00032
I2C1_SetDataCompleteCallback@cb                            cstackCOMRAM  00035
I2C1_SetDataCompleteCallback@ptr                           cstackCOMRAM  00038
I2C_IdleCheck@mask                                         cstackBANK0   00061
I2C_Receive@ack                                            cstackBANK0   00062
I2C_Receive@dt                                             cstackBANK0   00064
I2C_Send@dt                                                cstackBANK0   00063
I2C_Start@adrs                                             cstackBANK0   00062
I2C_Start@rw                                               cstackBANK0   00064
I2C_rStart@adrs                                            cstackBANK0   00062
I2C_rStart@rw                                              cstackBANK0   00064
IR_RemoteControl_Receive2@i                                cstackBANK1   001BE
IR_RemoteControl_Receive2@i_5324                           cstackBANK1   001C0
IR_RemoteControl_Receive2@j                                cstackBANK1   001BA
IR_RemoteControl_Receive2@j_5325                           cstackBANK1   001BC
IR_RemoteControl_Receive2@rcv_data                         cstackBANK1   001B4
IR_RemoteControl_Send@IR_Data                              cstackBANK0   00060
IR_RemoteControl_Send@codebyte                             cstackBANK0   00068
IR_RemoteControl_Send@i                                    cstackBANK0   00066
IR_RemoteControl_Send@i_5302                               cstackBANK0   0006B
IR_RemoteControl_Send@j                                    cstackBANK0   00069
IR_RemoteControl_Send@j_5303                               cstackBANK0   0006D
IR_RemoteControl_Send@size                                 cstackBANK0   00062
LCD_Command@ans                                            cstackBANK0   00068
LCD_Command@c                                              cstackBANK0   00067
LCD_CreateChar@dt                                          cstackBANK0   00069
LCD_CreateChar@p                                           cstackBANK0   00067
LCD_CreateChar@x                                           cstackBANK0   0006B
LCD_Init_ST7032i@bon                                       cstackBANK0   0006E
LCD_Init_ST7032i@colsu                                     cstackBANK0   00070
LCD_Init_ST7032i@contrast                                  cstackBANK0   0006C
LCD_Init_ST7032i@d                                         cstackBANK0   00075
LCD_Init_ST7032i@icon                                      cstackBANK0   0006A
LCD_Putc@ans                                               cstackBANK0   00068
LCD_Putc@c                                                 cstackBANK0   00067
LCD_Puts@ans                                               cstackBANK0   0006A
LCD_Puts@s                                                 cstackBANK0   00067
LCD_SetCursor@F7614                                        dataBANK2     002C9
LCD_SetCursor@col                                          cstackBANK0   0006A
LCD_SetCursor@row                                          cstackBANK0   0006C
LCD_SetCursor@row_offsets                                  cstackBANK0   0006E
USBConfigureEndpoint@EPNum                                 cstackCOMRAM  00034
USBConfigureEndpoint@direction                             cstackCOMRAM  0002F
USBConfigureEndpoint@handle                                cstackCOMRAM  00035
USBCtrlTrfInHandler@lastDTS                                cstackCOMRAM  00030
USBCtrlTrfRxService@byteToRead                             cstackCOMRAM  00030
USBCtrlTrfRxService@i                                      cstackCOMRAM  0002F
USBCtrlTrfTxService@byteToSend                             cstackCOMRAM  0002F
USBDeviceInit@i                                            cstackBANK0   0006C
USBDeviceTasks@i                                           cstackCOMRAM  0004D
USBEnableEndpoint@ep                                       cstackCOMRAM  0003A
USBEnableEndpoint@options                                  cstackCOMRAM  00037
USBEnableEndpoint@p                                        cstackCOMRAM  00038
USBStdFeatureReqHandler@current_ep_data                    cstackCOMRAM  00047
USBStdFeatureReqHandler@p                                  cstackCOMRAM  00048
USBStdFeatureReqHandler@pUEP                               cstackCOMRAM  00045
USBStdGetStatusHandler@p                                   cstackCOMRAM  00031
USBStdSetCfgHandler@i                                      cstackCOMRAM  00043
USBTransferOnePacket@data                                  cstackBANK0   00061
USBTransferOnePacket@dir                                   cstackBANK0   00060
USBTransferOnePacket@ep                                    cstackBANK0   00068
USBTransferOnePacket@handle                                cstackBANK0   00069
USBTransferOnePacket@len                                   cstackBANK0   00063
USER_USB_CALLBACK_EVENT_HANDLER@event                      cstackCOMRAM  0003B
USER_USB_CALLBACK_EVENT_HANDLER@pdata                      cstackCOMRAM  0003D
USER_USB_CALLBACK_EVENT_HANDLER@size                       cstackCOMRAM  0003F
_ANCON0                                                    (abs)         00F48
_ANCON1                                                    (abs)         00F49
_AckCheck                                                  bssBANK1      00178
_BAUDCON1                                                  (abs)         00F7E
_BDT                                                       (abs)         00D00
_BME280_loop                                               text40        13094
_BME280_loop$6630                                          cstackBANK1   001D5
_BME280_loop$6631                                          cstackBANK1   001D9
_BME280_loop$6632                                          cstackBANK1   001DD
_BME280_setup                                              text37        18C02
_BME280calibration_H                                       text90        123A6
_BME280calibration_H$6635                                  cstackBANK0   00095
_BME280calibration_H$6636                                  cstackBANK0   00085
_BME280calibration_H$6637                                  cstackBANK0   00089
_BME280calibration_H$6638                                  cstackBANK0   0008D
_BME280calibration_H$6639                                  cstackBANK0   00091
_BME280calibration_P                                       text88        1132C
_BME280calibration_P$6634                                  cstackBANK0   0007E
_BME280calibration_T                                       text87        14CC4
_BME280calibration_T$6633                                  cstackBANK0   0008F
_BME280readData                                            text80        14F5C
_BME280readTrim                                            text39        1387E
_BME280writeReg                                            text38        189D0
_BaudRateGen                                               bssBANK2      0024C
_BothEP0OutUOWNsSet                                        bssBANK1      0018E
_CCP1CON                                                   (abs)         00FBA
_CCPR1H                                                    (abs)         00FBC
_CCPR1L                                                    (abs)         00FBB
_CCPTMRS0bits                                              (abs)         00F52
_CDCDataInHandle                                           bssBANK1      0017A
_CDCDataOutHandle                                          bssBANK1      0017C
_CDCInitEP                                                 text112       1854C
_CDCTxService                                              text35        157BC
_CollisionCheck                                            bssCOMRAM     0001C
_Color_Read                                                text33        1348A
_Color_init                                                text32        11EFA
_ContSet_DT                                                bssBANK1      00154
_CtrlTrfData                                               (abs)         00D38
_ECCP1AS                                                   (abs)         00FBE
_ECCP1DEL                                                  (abs)         00FBD
_EECON1bits                                                (abs)         00FA6
_EECON2                                                    (abs)         00FA7
_EPWM1_Initialize                                          text19        19180
_EUSART1_DefaultErrorHandler                               text168       19348
_EUSART1_DefaultFramingErrorHandler                        text167       19382
_EUSART1_DefaultOverrunErrorHandler                        text166       19342
_EUSART1_ErrorHandler                                      bssBANK1      00132
_EUSART1_FramingErrorHandler                               bssBANK1      00138
_EUSART1_Initialize                                        text13        17F18
_EUSART1_OverrunErrorHandler                               bssBANK1      00135
_EUSART1_Read                                              text31        187E8
_EUSART1_Receive_ISR                                       text165       173EC
_EUSART1_RxDataHandler                                     text169       19062
_EUSART1_RxDefaultInterruptHandler                         bssBANK1      0013E
_EUSART1_SetErrorHandler                                   text18        192A8
_EUSART1_SetFramingErrorHandler                            text17        1929A
_EUSART1_SetOverrunErrorHandler                            text16        1928C
_EUSART1_SetRxInterruptHandler                             text15        1927E
_EUSART1_SetTxInterruptHandler                             text14        19270
_EUSART1_Transmit_ISR                                      text164       18C44
_EUSART1_TxDefaultInterruptHandler                         bssBANK1      0013B
_EUSART1_Write                                             text59        1878E
_EUSART1_is_rx_ready                                       text30        191DA
_FuncSet_DT                                                bssBANK1      00156
_I2C1_CallbackReturnReset                                  text147       19372
_I2C1_CallbackReturnStop                                   text148       19376
_I2C1_DO_ADDRESS_NACK                                      text124       184E0
_I2C1_DO_IDLE                                              text138       192DC
_I2C1_DO_RCEN                                              text133       192D0
_I2C1_DO_RESET                                             text125       192C4
_I2C1_DO_RX                                                text134       17BEA
_I2C1_DO_RX_ACK                                            text128       19300
_I2C1_DO_RX_NACK_RESTART                                   text126       192F0
_I2C1_DO_RX_NACK_STOP                                      text127       192F8
_I2C1_DO_SEND_ADR_READ                                     text137       19260
_I2C1_DO_SEND_ADR_WRITE                                    text136       19250
_I2C1_DO_SEND_RESTART                                      text130       19310
_I2C1_DO_SEND_RESTART_READ                                 text132       19320
_I2C1_DO_SEND_RESTART_WRITE                                text131       19318
_I2C1_DO_SEND_STOP                                         text129       19308
_I2C1_DO_TX                                                text135       17580
_I2C1_DO_TX_EMPTY                                          text139       1814C
_I2C1_Initialize                                           text12        19206
_I2C1_MasterClearIrq                                       text123       19362
_I2C1_MasterEnableRestart                                  text163       1937E
_I2C1_MasterFsm                                            text122       18474
_I2C1_MasterGetRxData                                      text144       1936A
_I2C1_MasterIsNack                                         text141       1921A
_I2C1_MasterIsr                                            text121       19330
_I2C1_MasterSendAck                                        text143       19336
_I2C1_MasterSendNack                                       text145       1933C
_I2C1_MasterSendTxData                                     text142       19328
_I2C1_MasterSetIrq                                         text140       19366
_I2C1_MasterStartRx                                        text146       1936E
_I2C1_MasterStop                                           text162       1937A
_I2C1_SetBuffer                                            text161       1915C
_I2C1_SetCallback                                          text160       180C8
_I2C1_SetDataCompleteCallback                              text159       191BE
_I2C1_Status                                               bssBANK2      00200
_I2C_IdleCheck                                             text86        19138
_I2C_Receive                                               text85        182B4
_I2C_Send                                                  text84        18240
_I2C_Start                                                 text83        17D38
_I2C_Stop                                                  text82        1922E
_I2C_rStart                                                text81        17DDC
_INTCON2bits                                               (abs)         00FF1
_INTCONbits                                                (abs)         00FF2
_INTERRUPT_Initialize                                      text11        1934E
_INTERRUPT_InterruptManager                                intcode       00008
_IPR2bits                                                  (abs)         00FA2
_IR_Data_Ch1                                               mediumconst   0FE33
_IR_Data_Ch2                                               mediumconst   0FE2D
_IR_Data_Ch3                                               mediumconst   0FE27
_IR_Data_Ch4                                               mediumconst   0FE21
_IR_Data_Ch5                                               mediumconst   0FE1B
_IR_Data_Power                                             mediumconst   0FEDC
_IR_RemoteControl_Receive2                                 text27        13FBA
_IR_RemoteControl_Send                                     text24        14696
_LATA                                                      (abs)         00F89
_LATAbits                                                  (abs)         00F89
_LATB                                                      (abs)         00F8A
_LATC                                                      (abs)         00F8B
_LATCbits                                                  (abs)         00F8B
_LCD_Clear                                                 text34        18A1A
_LCD_ColumnSu                                              bssCOMRAM     0001A
_LCD_Command                                               text78        188E4
_LCD_CreateChar                                            text22        17E7E
_LCD_Init_ST7032i                                          text21        17068
_LCD_NowPage                                               bssBANK1      00158
_LCD_Putc                                                  text20        18894
_LCD_Puts                                                  text79        17934
_LCD_SetCursor                                             text77        18E82
_MSSP1_InterruptHandler                                    bssBANK1      0014D
_ODCON1                                                    (abs)         00F42
_ODCON2                                                    (abs)         00F41
_ODCON3                                                    (abs)         00F40
_OSCCON                                                    (abs)         00FD3
_OSCCON2                                                   (abs)         00F87
_OSCILLATOR_Initialize                                     text10        191F2
_OSCTUNE                                                   (abs)         00F9B
_PIE1bits                                                  (abs)         00F9D
_PIE2bits                                                  (abs)         00FA0
_PIN_MANAGER_Initialize                                    text9         18DE6
_PIR1bits                                                  (abs)         00F9E
_PIR2bits                                                  (abs)         00FA1
_PORTAbits                                                 (abs)         00F80
_PORTBbits                                                 (abs)         00F81
_PR2                                                       (abs)         00FCB
_PSTR1CON                                                  (abs)         00FBF
_RA1                                                       (abs)         07C01
_RCONbits                                                  (abs)         00FD0
_RCREG1                                                    (abs)         00FAF
_RCSTA1                                                    (abs)         00FAC
_RCSTA1bits                                                (abs)         00FAC
_REFOCON                                                   (abs)         00F3D
_RPOR2                                                     (abs)         00EC2
_RemoteWakeup                                              bssBANK1      00190
_SPBRG1                                                    (abs)         00FB0
_SPBRGH1                                                   (abs)         00F7F
_SSP1ADD                                                   (abs)         00FC8
_SSP1BUF                                                   (abs)         00FC9
_SSP1CON1                                                  (abs)         00FC6
_SSP1CON1bits                                              (abs)         00FC6
_SSP1CON2                                                  (abs)         00FC5
_SSP1CON2bits                                              (abs)         00FC5
_SSP1STAT                                                  (abs)         00FC7
_SSP1STATbits                                              (abs)         00FC7
_SYSTEM_Initialize                                         text3         190BC
_SetupPkt                                                  (abs)         00D30
_T1CON                                                     (abs)         00FCD
_T1CONbits                                                 (abs)         00FCD
_T1GCON                                                    (abs)         00F9A
_T1GCONbits                                                (abs)         00F9A
_T2CON                                                     (abs)         00FCA
_T2CONbits                                                 (abs)         00FCA
_TABLAT                                                    (abs)         00FF5
_TBLPTRH                                                   (abs)         00FF7
_TBLPTRL                                                   (abs)         00FF6
_TBLPTRU                                                   (abs)         00FF8
_TMR1H                                                     (abs)         00FCF
_TMR1L                                                     (abs)         00FCE
_TMR1ON                                                    (abs)         07E68
_TMR1_Initialize                                           text8         18E50
_TMR1_StartTimer                                           text29        1935E
_TMR1_StopTimer                                            text28        1935A
_TMR2                                                      (abs)         00FCC
_TMR2_Initialize                                           text7         19240
_TMR2_StartTimer                                           text26        19356
_TMR2_StopTimer                                            text25        19352
_TRISA                                                     (abs)         00F92
_TRISB                                                     (abs)         00F93
_TRISC                                                     (abs)         00F94
_TXREG1                                                    (abs)         00FAE
_TXSTA1                                                    (abs)         00FAD
_TXSTA1bits                                                (abs)         00FAD
_UADDR                                                     (abs)         00F38
_UCFG                                                      (abs)         00F39
_UCON                                                      (abs)         00F65
_UCONbits                                                  (abs)         00F65
_UEIE                                                      (abs)         00F37
_UEIR                                                      (abs)         00F63
_UEP0                                                      (abs)         00F26
_UEP0bits                                                  (abs)         00F26
_UEP1                                                      (abs)         00F27
_UIE                                                       (abs)         00F36
_UIEbits                                                   (abs)         00F36
_UIR                                                       (abs)         00F62
_UIRbits                                                   (abs)         00F62
_USB1msTickCount                                           bssBANK1      0012E
_USBActiveConfiguration                                    bssCOMRAM     0002E
_USBAlternateInterface                                     bssBANK1      00193
_USBBusIsSuspended                                         bssBANK1      0018F
_USBCheckCDCRequest                                        text111       16C6A
_USBCheckStdRequest                                        text104       16726
_USBConfigureEndpoint                                      text115       17B3E
_USBCtrlEPAllowDataStage                                   text103       179E4
_USBCtrlEPAllowStatusStage                                 text118       16F76
_USBCtrlEPService                                          text99        177CA
_USBCtrlEPServiceComplete                                  text102       1621A
_USBCtrlTrfInHandler                                       text119       16D70
_USBCtrlTrfOutHandler                                      text116       181CA
_USBCtrlTrfRxService                                       text117       164A6
_USBCtrlTrfSetupHandler                                    text101       17FB0
_USBCtrlTrfTxService                                       text120       16842
_USBDeferINDataStagePackets                                bssBANK1      0018B
_USBDeferOUTDataStagePackets                               bssBANK1      0018A
_USBDeferStatusStagePacket                                 bssCOMRAM     00026
_USBDeviceAttach                                           text6         18AF2
_USBDeviceInit                                             text4         15F70
_USBDeviceState                                            bssCOMRAM     0002C
_USBDeviceTasks                                            text93        151B6
_USBEnableEndpoint                                         text114       18984
_USBIncrement1msInternalTimers                             text98        18E1C
_USBStallHandler                                           text97        18612
_USBStatusStageEnabledFlag1                                bssBANK1      0018D
_USBStatusStageEnabledFlag2                                bssBANK1      0018C
_USBStatusStageTimeoutCounter                              bssCOMRAM     00027
_USBStdFeatureReqHandler                                   text109       1433C
_USBStdGetDscHandler                                       text108       15DFE
_USBStdGetStatusHandler                                    text107       16B64
_USBStdSetCfgHandler                                       text105       17156
_USBSuspend                                                text96        18EB2
_USBTicksSinceSuspendEnd                                   bssBANK1      00189
_USBTransferOnePacket                                      text36        16364
_USBWakeFromSuspend                                        text95        18B36
_USB_CD_Ptr                                                mediumconst   0FE3F
_USB_SD_Ptr                                                mediumconst   0FE39
_USER_USB_CALLBACK_EVENT_HANDLER                           text110       18040
_USTAT                                                     (abs)         00F64
_USTATcopy                                                 bssCOMRAM     0002D
_Wait27us                                                  text23        192E8
__HRAM                                                     (abs)         00000
__Habs1                                                    abs1          00000
__Hbank0                                                   bank0         00000
__Hbank1                                                   bank1         00000
__Hbank10                                                  bank10        00000
__Hbank11                                                  bank11        00000
__Hbank12                                                  bank12        00000
__Hbank13                                                  bank13        00000
__Hbank14                                                  bank14        00000
__Hbank2                                                   bank2         00000
__Hbank3                                                   bank3         00000
__Hbank4                                                   bank4         00000
__Hbank5                                                   bank5         00000
__Hbank6                                                   bank6         00000
__Hbank7                                                   bank7         00000
__Hbank8                                                   bank8         00000
__Hbank9                                                   bank9         00000
__Hbigbss                                                  bigbss        00000
__Hbigdata                                                 bigdata       00000
__Hbigram                                                  bigram        00000
__Hbss                                                     bss           00000
__HbssBANK0                                                bssBANK0      00000
__HbssBANK1                                                bssBANK1      00000
__HbssBANK2                                                bssBANK2      00000
__HbssBANK3                                                bssBANK3      00000
__HbssBANK4                                                bssBANK4      00000
__HbssCOMRAM                                               bssCOMRAM     00000
__Hcinit                                                   cinit         00000
__Hclrtext                                                 clrtext       00000
__Hcomram                                                  comram        00000
__Hconfig                                                  config        20000
__Hconst                                                   const         00000
__HcstackBANK0                                             cstackBANK0   00000
__HcstackBANK1                                             cstackBANK1   00000
__HcstackCOMRAM                                            cstackCOMRAM  00000
__Hdata                                                    data          00000
__HdataBANK2                                               dataBANK2     00000
__Hfarbss                                                  farbss        00000
__Hfardata                                                 fardata       00000
__Hibigdata                                                ibigdata      00000
__Hidata                                                   idata         00000
__HidataBANK2                                              idataBANK2    00000
__Hidloc                                                   idloc         00000
__Hifardata                                                ifardata      00000
__Hinit                                                    init          001E4
__Hintcode                                                 intcode       001E0
__Hintcode_body                                            intcode_body  00000
__Hintcodelo                                               intcodelo     001E0
__Hintentry                                                intentry      00000
__Hintret                                                  intret        00000
__Hintsave_regs                                            intsave_regs  00000
__Hirdata                                                  irdata        00000
__Hjflash_buffer                                           jflash_buffer 1F800
__Hmediumconst                                             mediumconst   10000
__HnvFARRAM                                                nvFARRAM      00000
__Hnvbit                                                   nvbit         00000
__Hnvrram                                                  nvrram        00000
__Hparam                                                   rparam        00000
__Hpowerup                                                 powerup       001E0
__Hram                                                     ram           00000
__Hramtop                                                  ramtop        00F00
__Hrbit                                                    rbit          00000
__Hrbss                                                    rbss          00000
__Hrdata                                                   rdata         00000
__Hreset_vec                                               reset_vec     00004
__Hrparam                                                  rparam        00000
__Hsfr                                                     sfr           00000
__Hsmallconst                                              smallconst    00000
__Hspace_0                                                 (abs)         1F800
__Hspace_1                                                 (abs)         00480
__Hspace_2                                                 (abs)         00000
__Hspace_4                                                 (abs)         3FFF8
__Hstack                                                   stack         00000
__Hstruct                                                  struct        00000
__Htemp                                                    temp          0005D
__Htext                                                    text          00000
__Htext0                                                   text0         00000
__Htext1                                                   text1         00000
__Htext10                                                  text10        00000
__Htext100                                                 text100       00000
__Htext101                                                 text101       00000
__Htext102                                                 text102       00000
__Htext103                                                 text103       00000
__Htext104                                                 text104       00000
__Htext105                                                 text105       00000
__Htext106                                                 text106       00000
__Htext107                                                 text107       00000
__Htext108                                                 text108       00000
__Htext109                                                 text109       00000
__Htext11                                                  text11        00000
__Htext110                                                 text110       00000
__Htext111                                                 text111       00000
__Htext112                                                 text112       00000
__Htext113                                                 text113       00000
__Htext114                                                 text114       00000
__Htext115                                                 text115       00000
[...]
Total ram usage:        0 bytes
 Hardware stack levels used:    1
 This function calls:
		Nothing
 This function is called by:
		_EUSART1_Initialize
		_EUSART1_Receive_ISR
 This function uses a non-reentrant model


 *************** function _EUSART1_DefaultErrorHandler *****************
 Defined at:
		line 269 in file "mcc_generated_files/eusart1.c"
 Parameters:    Size  Location     Type
		None
 Auto vars:     Size  Location     Type
		None
 Return value:  Size  Location     Type
                  1    wreg      void 
 Registers used:
		wreg, fsr2l, fsr2h, status,2, status,0, cstack
 Tracked objects:
		On entry : 
		On exit  : 
		Unchanged: 
 Data sizes:     COMRAM   BANK0   BANK1   BANK2   BANK3   BANK4   BANK5   BANK6   BANK7   BANK8   BANK9  BANK10  BANK11  BANK12  BANK13  BANK14
      Params:         0       0       0       0       0       0       0       0       0       0       0       0       0       0       0       0
      Locals:         0       0       0       0       0       0       0       0       0       0       0       0       0       0       0       0
      Temps:          0       0       0       0       0       0       0       0       0       0       0       0       0       0       0       0
      Totals:         0       0       0       0       0       0       0       0       0       0       0       0       0       0       0       0
Total ram usage:        0 bytes
 Hardware stack levels used:    1
 Hardware stack levels required when called:    1
 This function calls:
		_EUSART1_RxDataHandler
 This function is called by:
		_EUSART1_Initialize
		_EUSART1_Receive_ISR
 This function uses a non-reentrant model


 *************** function _EUSART1_RxDataHandler *****************
 Defined at:
		line 249 in file "mcc_generated_files/eusart1.c"
 Parameters:    Size  Location     Type
		None
 Auto vars:     Size  Location     Type
		None
 Return value:  Size  Location     Type
                  1    wreg      void 
 Registers used:
		wreg, fsr2l, fsr2h, status,2, status,0
 Tracked objects:
		On entry : 
		On exit  : 
		Unchanged: 
 Data sizes:     COMRAM   BANK0   BANK1   BANK2   BANK3   BANK4   BANK5   BANK6   BANK7   BANK8   BANK9  BANK10  BANK11  BANK12  BANK13  BANK14
      Params:         0       0       0       0       0       0       0       0       0       0       0       0       0       0       0       0
      Locals:         0       0       0       0       0       0       0       0       0       0       0       0       0       0       0       0
      Temps:          0       0       0       0       0       0       0       0       0       0       0       0       0       0       0       0
      Totals:         0       0       0       0       0       0       0       0       0       0       0       0       0       0       0       0
Total ram usage:        0 bytes
 Hardware stack levels used:    1
 This function calls:
		Nothing
 This function is called by:
		_EUSART1_Receive_ISR
		_EUSART1_DefaultErrorHandler
 This function uses a non-reentrant model



MODULE INFORMATION

Module		Function		Class		Link	Load	Size
D:\install_soft\XC_Compiler\XC8\pic\sources\c99\common\atoi.c
		_atoi          		CODE           	15968	0000	425

D:\install_soft\XC_Compiler\XC8\pic\sources\c99\common\atoi.c estimated size: 425

D:\install_soft\XC_Compiler\XC8\pic\sources\c99\common\strcpy.c
		_strcpy        		CODE           	186D4	0000	97

D:\install_soft\XC_Compiler\XC8\pic\sources\c99\common\strcpy.c estimated size: 97

D:\install_soft\XC_Compiler\XC8\pic\sources\c99\common\islower.c
		_islower       		CODE           	18CC4	0000	59

D:\install_soft\XC_Compiler\XC8\pic\sources\c99\common\islower.c estimated size: 59

D:\install_soft\XC_Compiler\XC8\pic\sources\c99\common\fleq.c
		___fleq        		CODE           	17A92	0000	173

D:\install_soft\XC_Compiler\XC8\pic\sources\c99\common\fleq.c estimated size: 173

D:\install_soft\XC_Compiler\XC8\pic\sources\c99\common\flneg.c
		___flneg       		CODE           	18D72	0000	59

D:\install_soft\XC_Compiler\XC8\pic\sources\c99\common\flneg.c estimated size: 59

D:\install_soft\XC_Compiler\XC8\pic\sources\c99\common\memset.c
		_memset        		CODE           	15B10	0000	377

D:\install_soft\XC_Compiler\XC8\pic\sources\c99\common\memset.c estimated size: 377

D:\install_soft\XC_Compiler\XC8\pic\sources\c99\common\strncmp.c
		_strncmp       		CODE           	1723C	0000	229

D:\install_soft\XC_Compiler\XC8\pic\sources\c99\common\strncmp.c estimated size: 229

D:\install_soft\XC_Compiler\XC8\pic\sources\c99\common\tolower.c
		_tolower       		CODE           	185B0	0000	99

D:\install_soft\XC_Compiler\XC8\pic\sources\c99\common\tolower.c estimated size: 99

mcc_generated_files/examples/i2c1_master_example.c
		_rdBlkRegCompleteHandler@i2c1_master_example$F182		CODE           	18B7A	0000	69
		_rd1RegCompleteHandler@i2c1_master_example$F148		CODE           	18F42	0000	49
		_rd2RegCompleteHandler@i2c1_master_example$F159		CODE           	18F12	0000	49
		_wr1RegCompleteHandler@i2c1_master_example$F165		CODE           	18EE2	0000	49
		_wr2RegCompleteHandler@i2c1_master_example$F171		CODE           	19032	0000	49

mcc_generated_files/examples/i2c1_master_example.c estimated size: 265

D:\install_soft\XC_Compiler\XC8\pic\sources\c99\common\sprcmul.c
		___flmul       		CODE           	12C68	0000	1069

D:\install_soft\XC_Compiler\XC8\pic\sources\c99\common\sprcmul.c estimated size: 1069

skS11059-02DT.c
		_Color_Read    		CODE           	1348A	0000	1013
		_Color_init    		CODE           	11EFA	0000	1197

skS11059-02DT.c estimated size: 2210

D:\install_soft\XC_Compiler\XC8\pic\sources\c99\common\sprcdiv.c
		___fldiv       		CODE           	13C1E	0000	925

D:\install_soft\XC_Compiler\XC8\pic\sources\c99\common\sprcdiv.c estimated size: 925

D:\install_soft\XC_Compiler\XC8\pic\sources\c99\common\toupper.c
		_toupper       		CODE           	18674	0000	97

D:\install_soft\XC_Compiler\XC8\pic\sources\c99\common\toupper.c estimated size: 97

mcc_generated_files/i2c1_master.c
		_I2C1_DO_SEND_RESTART		CODE           	19310	0000	9
		_I2C1_DO_TX_EMPTY		CODE           	1814C	0000	127
		_I2C1_DO_SEND_RESTART_READ		CODE           	19320	0000	9
		_I2C1_CallbackReturnStop		CODE           	19376	0000	5
		_I2C1_DO_RX    		CODE           	17BEA	0000	169
		_I2C1_DO_TX    		CODE           	17580	0000	201
		_I2C1_DO_IDLE  		CODE           	192DC	0000	13
		_I2C1_DO_RCEN  		CODE           	192D0	0000	13
		_I2C1_MasterSendTxData		CODE           	19328	0000	9
		_I2C1_MasterStop		CODE           	1937A	0000	5
		_I2C1_CallbackReturnReset		CODE           	19372	0000	5
		_I2C1_DO_RESET 		CODE           	192C4	0000	13
		_I2C1_MasterStartRx		CODE           	1936E	0000	5
		_I2C1_DO_RX_ACK		CODE           	19300	0000	9
		_I2C1_MasterSendNack		CODE           	1933C	0000	7
		_I2C1_DO_RX_NACK_RESTART		CODE           	192F0	0000	9
		_I2C1_SetCallback		CODE           	180C8	0000	133
		_I2C1_MasterEnableRestart		CODE           	1937E	0000	5
		_I2C1_DO_ADDRESS_NACK		CODE           	184E0	0000	109
		_I2C1_SetBuffer		CODE           	1915C	0000	37
		_I2C1_DO_SEND_RESTART_WRITE		CODE           	19318	0000	9
		_I2C1_Initialize		CODE           	19206	0000	21
		_I2C1_MasterIsNack		CODE           	1921A	0000	21
		_I2C1_DO_SEND_ADR_WRITE		CODE           	19250	0000	17
		_I2C1_MasterClearIrq		CODE           	19362	0000	5
		_I2C1_SetDataCompleteCallback		CODE           	191BE	0000	29
		_I2C1_DO_SEND_STOP		CODE           	19308	0000	9
		_I2C1_MasterSendAck		CODE           	19336	0000	7
		_I2C1_MasterFsm		CODE           	18474	0000	109
		_I2C1_MasterIsr		CODE           	19330	0000	7
		_I2C1_MasterGetRxData		CODE           	1936A	0000	5
		_I2C1_MasterSetIrq		CODE           	19366	0000	5
		_I2C1_DO_SEND_ADR_READ		CODE           	19260	0000	17
		_I2C1_DO_RX_NACK_STOP		CODE           	192F8	0000	9

mcc_generated_files/i2c1_master.c estimated size: 1162

D:\install_soft\XC_Compiler\XC8\pic\sources\c99\common\isalpha.c
		_isalpha       		CODE           	18C86	0000	63

D:\install_soft\XC_Compiler\XC8\pic\sources\c99\common\isalpha.c estimated size: 63

I2C_BME280.c
		_BME280_loop   		CODE           	13094	0000	1015
		_BME280_setup  		CODE           	18C02	0000	67
		_BME280calibration_H		CODE           	123A6	0000	1147
		_BME280readData		CODE           	14F5C	0000	603
		_BME280readTrim		CODE           	1387E	0000	929
		_BME280calibration_P		CODE           	1132C	0000	1805
		_BME280calibration_T		CODE           	14CC4	0000	665
		_BME280writeReg		CODE           	189D0	0000	75

I2C_BME280.c estimated size: 6306

D:\install_soft\XC_Compiler\XC8\pic\sources\c99\common\doprnt.c
		_vfpfcnvrt     		CODE           	10BBE	0000	1903
		_efgtoa        		CODE           	10000	0000	3007
		_pad           		CODE           	174B8	0000	201
		_vfprintf      		CODE           	1839A	0000	111
		_xtoa          		CODE           	149E6	0000	735

D:\install_soft\XC_Compiler\XC8\pic\sources\c99\common\doprnt.c estimated size: 5957

D:\install_soft\XC_Compiler\XC8\pic\sources\c99\common\isspace.c
		_isspace       		CODE           	18840	0000	85

D:\install_soft\XC_Compiler\XC8\pic\sources\c99\common\isspace.c estimated size: 85

mcc_generated_files/tmr2.c
		_TMR2_Initialize		CODE           	19240	0000	17
		_TMR2_StopTimer		CODE           	19352	0000	5
		_TMR2_StartTimer		CODE           	19356	0000	5

mcc_generated_files/tmr2.c estimated size: 27

mcc_generated_files/interrupt_manager.c
		_INTERRUPT_Initialize		CODE           	1934E	0000	5
		_INTERRUPT_InterruptManager		CODE           	0008	0000	473

mcc_generated_files/interrupt_manager.c estimated size: 478

D:\install_soft\XC_Compiler\XC8\pic\sources\c99\common\nf_fputs.c
		_fputs         		CODE           	18A62	0000	73

D:\install_soft\XC_Compiler\XC8\pic\sources\c99\common\nf_fputs.c estimated size: 73

D:\install_soft\XC_Compiler\XC8\pic\sources\c99\common\Umul16.c
		___wmul        		CODE           	19110	0000	41

D:\install_soft\XC_Compiler\XC8\pic\sources\c99\common\Umul16.c estimated size: 41

D:\install_soft\XC_Compiler\XC8\pic\sources\c99\common\awmod.c
		___awmod       		CODE           	17882	0000	179

D:\install_soft\XC_Compiler\XC8\pic\sources\c99\common\awmod.c estimated size: 179

mcc_generated_files/pin_manager.c
		_PIN_MANAGER_Initialize		CODE           	18DE6	0000	55

mcc_generated_files/pin_manager.c estimated size: 55

D:\install_soft\XC_Compiler\XC8\pic\sources\c99\common\__lldiv.c
		___lldiv       		CODE           	17C92	0000	167

D:\install_soft\XC_Compiler\XC8\pic\sources\c99\common\__lldiv.c estimated size: 167

skI2CLCDlib.c
		_LCD_Command   		CODE           	188E4	0000	81
		_LCD_Putc      		CODE           	18894	0000	81
		_LCD_Puts      		CODE           	17934	0000	177
		_LCD_SetCursor 		CODE           	18E82	0000	49
		_LCD_Clear     		CODE           	18A1A	0000	73
		_Wait27us      		CODE           	192E8	0000	9
		_LCD_Init_ST7032i		CODE           	17068	0000	239
		_LCD_CreateChar		CODE           	17E7E	0000	155

skI2CLCDlib.c estimated size: 864

D:\install_soft\XC_Compiler\XC8\pic\sources\c99\common\memcpy.c
		_memcpy        		CODE           	18934	0000	81

D:\install_soft\XC_Compiler\XC8\pic\sources\c99\common\memcpy.c estimated size: 81

D:\install_soft\XC_Compiler\XC8\pic\sources\c99\common\isdigit.c
		_isdigit       		CODE           	18DAC	0000	59

D:\install_soft\XC_Compiler\XC8\pic\sources\c99\common\isdigit.c estimated size: 59

D:\install_soft\XC_Compiler\XC8\pic\sources\c99\common\nf_sprintf.c
		_sprintf       		CODE           	18734	0000	91

D:\install_soft\XC_Compiler\XC8\pic\sources\c99\common\nf_sprintf.c estimated size: 91

D:\install_soft\XC_Compiler\XC8\pic\sources\c99\common\sprcadd.c
		___flsub       		CODE           	18AAA	0000	73
		___fladd       		CODE           	11A38	0000	1219

D:\install_soft\XC_Compiler\XC8\pic\sources\c99\common\sprcadd.c estimated size: 1292

mcc_generated_files/usb/usb_device_cdc.c
		_CDCTxService  		CODE           	157BC	0000	429
		_CDCInitEP     		CODE           	1854C	0000	101
		_putUSBUSART   		CODE           	19090	0000	45
		_getsUSBUSART  		CODE           	1770E	0000	189
		_USBCheckCDCRequest		CODE           	16C6A	0000	263

mcc_generated_files/usb/usb_device_cdc.c estimated size: 1027

mcc_generated_files/drivers/i2c_simple_master.c
		_wr1RegCompleteHandler		CODE           	19002	0000	49
		_wr2RegCompleteHandler		CODE           	18F72	0000	49
		_rdBlkRegCompleteHandler		CODE           	18BBE	0000	69
		_rd1RegCompleteHandler		CODE           	18FD2	0000	49
		_rd2RegCompleteHandler		CODE           	18FA2	0000	49

mcc_generated_files/drivers/i2c_simple_master.c estimated size: 265

D:\install_soft\XC_Compiler\XC8\pic\sources\c99\common\flge.c
		___flge        		CODE           	16A5E	0000	263

D:\install_soft\XC_Compiler\XC8\pic\sources\c99\common\flge.c estimated size: 263

IR_Remocon.c
		_IR_RemoteControl_Receive2		CODE           	13FBA	0000	899
		_IR_RemoteControl_Send		CODE           	14696	0000	849

IR_Remocon.c estimated size: 1748

D:\install_soft\XC_Compiler\XC8\pic\sources\c99\common\Umul32.c
		___lmul        		CODE           	18408	0000	109

D:\install_soft\XC_Compiler\XC8\pic\sources\c99\common\Umul32.c estimated size: 109

shared
		_IR_Data_Power 		MEDIUMCONST    	FEDC	0000	7
		_configDescriptor1		MEDIUMCONST    	FE41	0000	68
		_USB_CD_Ptr    		MEDIUMCONST    	FE3F	0000	3
		_sd001         		MEDIUMCONST    	FE84	0000	53
		_sd002         		MEDIUMCONST    	FEB8	0000	19
		i2_USBDeviceInit		CODE           	160C8	0000	339
		__initialization		CODE           	18328	0000	105
		_device_dsc    		MEDIUMCONST    	FECA	0000	19
		_i2c1_fsmStateTable		MEDIUMCONST    	FDEB	0000	49
		_USB_SD_Ptr    		MEDIUMCONST    	FE39	0000	7
		i2_memset      		CODE           	15C88	0000	375
		_IR_Data_Ch1   		MEDIUMCONST    	FE33	0000	7
		_IR_Data_Ch2   		MEDIUMCONST    	FE2D	0000	7
		_IR_Data_Ch3   		MEDIUMCONST    	FE27	0000	7
		_IR_Data_Ch4   		MEDIUMCONST    	FE21	0000	7
		_IR_Data_Ch5   		MEDIUMCONST    	FE1B	0000	7
		_sd000         		MEDIUMCONST    	FEE2	0000	5
		i2_USBTransferOnePacket		CODE           	165E8	0000	319

shared estimated size: 1403

mcc_generated_files/eusart1.c
		_EUSART1_SetRxInterruptHandler		CODE           	1927E	0000	15
		_EUSART1_SetTxInterruptHandler		CODE           	19270	0000	15
		_EUSART1_is_rx_ready		CODE           	191DA	0000	25
		_EUSART1_Initialize		CODE           	17F18	0000	153
		_putch         		CODE           	192B6	0000	15
		_EUSART1_DefaultErrorHandler		CODE           	19348	0000	7
		_EUSART1_SetFramingErrorHandler		CODE           	1929A	0000	15
		_EUSART1_Read  		CODE           	187E8	0000	89
		_EUSART1_SetOverrunErrorHandler		CODE           	1928C	0000	15
		_EUSART1_SetErrorHandler		CODE           	192A8	0000	15
		_EUSART1_Write 		CODE           	1878E	0000	91
		_EUSART1_Receive_ISR		CODE           	173EC	0000	205
		_EUSART1_RxDataHandler		CODE           	19062	0000	47
		_EUSART1_DefaultOverrunErrorHandler		CODE           	19342	0000	7
		_EUSART1_Transmit_ISR		CODE           	18C44	0000	67
		_EUSART1_DefaultFramingErrorHandler		CODE           	19382	0000	3

mcc_generated_files/eusart1.c estimated size: 784

mcc_generated_files/usb/usb_device_events.c
		_USER_USB_CALLBACK_EVENT_HANDLER		CODE           	18040	0000	137

mcc_generated_files/usb/usb_device_events.c estimated size: 137

D:\install_soft\XC_Compiler\XC8\pic\sources\c99\common\awdiv.c
		___awdiv       		CODE           	17648	0000	199

D:\install_soft\XC_Compiler\XC8\pic\sources\c99\common\awdiv.c estimated size: 199

mcc_generated_files/mcc.c
		_OSCILLATOR_Initialize		CODE           	191F2	0000	21
		_SYSTEM_Initialize		CODE           	190BC	0000	43

mcc_generated_files/mcc.c estimated size: 64

D:\install_soft\XC_Compiler\XC8\pic\sources\c99\common\printf.c
		_printf        		CODE           	190E6	0000	43

D:\install_soft\XC_Compiler\XC8\pic\sources\c99\common\printf.c estimated size: 43

D:\install_soft\XC_Compiler\XC8\pic\sources\c99\common\fltol.c
		___fltol       		CODE           	16956	0000	265

D:\install_soft\XC_Compiler\XC8\pic\sources\c99\common\fltol.c estimated size: 265

D:\install_soft\XC_Compiler\XC8\pic\sources\c99\common\nf_fputc.c
		_fputc         		CODE           	17320	0000	205

D:\install_soft\XC_Compiler\XC8\pic\sources\c99\common\nf_fputc.c estimated size: 205

mcc_generated_files/tmr1.c
		_TMR1_Initialize		CODE           	18E50	0000	51
		_TMR1_StopTimer		CODE           	1935A	0000	5
		_TMR1_StartTimer		CODE           	1935E	0000	5

mcc_generated_files/tmr1.c estimated size: 61

mcc_generated_files/epwm1.c
		_EPWM1_Initialize		CODE           	19180	0000	33

mcc_generated_files/epwm1.c estimated size: 33

D:\install_soft\XC_Compiler\XC8\pic\sources\c99\common\floorf.c
		_floorf        		CODE           	153EE	0000	535

D:\install_soft\XC_Compiler\XC8\pic\sources\c99\common\floorf.c estimated size: 535

skI2Clib.c
		_I2C_IdleCheck 		CODE           	19138	0000	37
		_I2C_Stop      		CODE           	1922E	0000	19
		_I2C_Send      		CODE           	18240	0000	117
		_I2C_Start     		CODE           	17D38	0000	165
		_I2C_rStart    		CODE           	17DDC	0000	163
		_I2C_Receive   		CODE           	182B4	0000	117

skI2Clib.c estimated size: 618

D:\install_soft\XC_Compiler\XC8\pic\sources\c99\common\isupper.c
		_isupper       		CODE           	18CFE	0000	59

D:\install_soft\XC_Compiler\XC8\pic\sources\c99\common\isupper.c estimated size: 59

D:\install_soft\XC_Compiler\XC8\pic\sources\c99\common\xxtofl.c
		___xxtofl      		CODE           	15604	0000	441

D:\install_soft\XC_Compiler\XC8\pic\sources\c99\common\xxtofl.c estimated size: 441

main.c
		_main          		CODE           	12820	0000	1097

main.c estimated size: 1097

D:\install_soft\XC_Compiler\XC8\pic\sources\c99\common\__fpclassifyf.c
		___fpclassifyf 		CODE           	16E76	0000	257

D:\install_soft\XC_Compiler\XC8\pic\sources\c99\common\__fpclassifyf.c estimated size: 257

mcc_generated_files/usb/usb_device.c
		_USBCtrlTrfInHandler		CODE           	16D70	0000	263
		_USBTransferOnePacket		CODE           	16364	0000	323
		_USBDeviceAttach		CODE           	18AF2	0000	69
		_USBStdGetDscHandler		CODE           	15DFE	0000	371
		_USBCtrlEPAllowDataStage		CODE           	179E4	0000	175
		_USBStdFeatureReqHandler		CODE           	1433C	0000	859
		_USBCtrlEPAllowStatusStage		CODE           	16F76	0000	243
		_USBCtrlTrfSetupHandler		CODE           	17FB0	0000	145
		_USBCtrlTrfOutHandler		CODE           	181CA	0000	119
		_USBCtrlEPServiceComplete		CODE           	1621A	0000	331
		_USBSuspend    		CODE           	18EB2	0000	49
		_USBStdSetCfgHandler		CODE           	17156	0000	231
		_USBStdGetStatusHandler		CODE           	16B64	0000	263
		_USBWakeFromSuspend		CODE           	18B36	0000	69
		_USBCtrlTrfRxService		CODE           	164A6	0000	323
		_USBCtrlTrfTxService		CODE           	16842	0000	277
		_USBEnableEndpoint		CODE           	18984	0000	77
		_USBConfigureEndpoint		CODE           	17B3E	0000	173
		_USBDeviceInit 		CODE           	15F70	0000	345
		_USBIncrement1msInternalTimers		CODE           	18E1C	0000	53
		_USBCtrlEPService		CODE           	177CA	0000	185
		_USBStallHandler		CODE           	18612	0000	99
		_USBDeviceTasks		CODE           	151B6	0000	569
		_USBCheckStdRequest		CODE           	16726	0000	285

mcc_generated_files/usb/usb_device.c estimated size: 5896

D:\install_soft\XC_Compiler\XC8\pic\sources\c99\common\strlen.c
		_strlen        		CODE           	18D38	0000	59

D:\install_soft\XC_Compiler\XC8\pic\sources\c99\common\strlen.c estimated size: 59

